May 25 15:04:44 pve-02 kernel: Linux version 6.8.12-10-pve (build@proxmox) (gcc (Debian 12.2.0-14) 12.2.0, GNU ld (GNU Binutils for Debian) 2.40) #1 SMP PREEMPT_DYNAMIC PMX 6.8.12-10 (2025-04-18T07:39Z) ()
May 25 15:04:44 pve-02 kernel: Command line: BOOT_IMAGE=/boot/vmlinuz-6.8.12-10-pve root=/dev/mapper/pve-root ro quiet
May 25 15:04:44 pve-02 kernel: KERNEL supported cpus:
May 25 15:04:44 pve-02 kernel:   Intel GenuineIntel
May 25 15:04:44 pve-02 kernel:   AMD AuthenticAMD
May 25 15:04:44 pve-02 kernel:   Hygon HygonGenuine
May 25 15:04:44 pve-02 kernel:   Centaur CentaurHauls
May 25 15:04:44 pve-02 kernel:   zhaoxin   Shanghai  
May 25 15:04:44 pve-02 kernel: BIOS-provided physical RAM map:
May 25 15:04:44 pve-02 kernel: BIOS-e820: [mem 0x0000000000000000-0x0000000000057fff] usable
May 25 15:04:44 pve-02 kernel: BIOS-e820: [mem 0x0000000000058000-0x0000000000058fff] reserved
May 25 15:04:44 pve-02 kernel: BIOS-e820: [mem 0x0000000000059000-0x000000000009efff] usable
May 25 15:04:44 pve-02 kernel: BIOS-e820: [mem 0x000000000009f000-0x000000000009ffff] reserved
May 25 15:04:44 pve-02 kernel: BIOS-e820: [mem 0x0000000000100000-0x00000000d13dffff] usable
May 25 15:04:44 pve-02 kernel: BIOS-e820: [mem 0x00000000d13e0000-0x00000000d13e6fff] ACPI NVS
May 25 15:04:44 pve-02 kernel: BIOS-e820: [mem 0x00000000d13e7000-0x00000000d181cfff] usable
May 25 15:04:44 pve-02 kernel: BIOS-e820: [mem 0x00000000d181d000-0x00000000d1caefff] reserved
May 25 15:04:44 pve-02 kernel: BIOS-e820: [mem 0x00000000d1caf000-0x00000000d7ee9fff] usable
May 25 15:04:44 pve-02 kernel: BIOS-e820: [mem 0x00000000d7eea000-0x00000000d7ffffff] reserved
May 25 15:04:44 pve-02 kernel: BIOS-e820: [mem 0x00000000d8000000-0x00000000d875efff] usable
May 25 15:04:44 pve-02 kernel: BIOS-e820: [mem 0x00000000d875f000-0x00000000d87fffff] type 20
May 25 15:04:44 pve-02 kernel: BIOS-e820: [mem 0x00000000d8800000-0x00000000d8fadfff] usable
May 25 15:04:44 pve-02 kernel: BIOS-e820: [mem 0x00000000d8fae000-0x00000000d8ffffff] ACPI data
May 25 15:04:44 pve-02 kernel: BIOS-e820: [mem 0x00000000d9000000-0x00000000da71bfff] usable
May 25 15:04:44 pve-02 kernel: BIOS-e820: [mem 0x00000000da71c000-0x00000000da7fffff] ACPI NVS
May 25 15:04:44 pve-02 kernel: BIOS-e820: [mem 0x00000000da800000-0x00000000dbb4bfff] usable
May 25 15:04:44 pve-02 kernel: BIOS-e820: [mem 0x00000000dbb4c000-0x00000000dbffffff] reserved
May 25 15:04:44 pve-02 kernel: BIOS-e820: [mem 0x00000000dd000000-0x00000000df1fffff] reserved
May 25 15:04:44 pve-02 kernel: BIOS-e820: [mem 0x00000000f8000000-0x00000000fbffffff] reserved
May 25 15:04:44 pve-02 kernel: BIOS-e820: [mem 0x00000000fec00000-0x00000000fec00fff] reserved
May 25 15:04:44 pve-02 kernel: BIOS-e820: [mem 0x00000000fed00000-0x00000000fed03fff] reserved
May 25 15:04:44 pve-02 kernel: BIOS-e820: [mem 0x00000000fed1c000-0x00000000fed1ffff] reserved
May 25 15:04:44 pve-02 kernel: BIOS-e820: [mem 0x00000000fee00000-0x00000000fee00fff] reserved
May 25 15:04:44 pve-02 kernel: BIOS-e820: [mem 0x00000000ff000000-0x00000000ffffffff] reserved
May 25 15:04:44 pve-02 kernel: BIOS-e820: [mem 0x0000000100000000-0x000000061edfffff] usable
May 25 15:04:44 pve-02 kernel: NX (Execute Disable) protection: active
May 25 15:04:44 pve-02 kernel: APIC: Static calls initialized
May 25 15:04:44 pve-02 kernel: efi: EFI v2.3.1 by American Megatrends
May 25 15:04:44 pve-02 kernel: efi: ACPI=0xd8fee000 ACPI 2.0=0xd8fee000 SMBIOS=0xf04c0 
May 25 15:04:44 pve-02 kernel: efi: Remove mem142: MMIO range=[0xf8000000-0xfbffffff] (64MB) from e820 map
May 25 15:04:44 pve-02 kernel: e820: remove [mem 0xf8000000-0xfbffffff] reserved
May 25 15:04:44 pve-02 kernel: efi: Not removing mem143: MMIO range=[0xfec00000-0xfec00fff] (4KB) from e820 map
May 25 15:04:44 pve-02 kernel: efi: Not removing mem144: MMIO range=[0xfed00000-0xfed03fff] (16KB) from e820 map
May 25 15:04:44 pve-02 kernel: efi: Not removing mem145: MMIO range=[0xfed1c000-0xfed1ffff] (16KB) from e820 map
May 25 15:04:44 pve-02 kernel: efi: Not removing mem146: MMIO range=[0xfee00000-0xfee00fff] (4KB) from e820 map
May 25 15:04:44 pve-02 kernel: efi: Remove mem147: MMIO range=[0xff000000-0xffffffff] (16MB) from e820 map
May 25 15:04:44 pve-02 kernel: e820: remove [mem 0xff000000-0xffffffff] reserved
May 25 15:04:44 pve-02 kernel: secureboot: Secure boot disabled
May 25 15:04:44 pve-02 kernel: SMBIOS 2.7 present.
May 25 15:04:44 pve-02 kernel: DMI: Dell Inc. OptiPlex 7020/0F5C5X, BIOS A04 04/01/2015
May 25 15:04:44 pve-02 kernel: tsc: Fast TSC calibration using PIT
May 25 15:04:44 pve-02 kernel: tsc: Detected 3292.339 MHz processor
May 25 15:04:44 pve-02 kernel: e820: update [mem 0x00000000-0x00000fff] usable ==> reserved
May 25 15:04:44 pve-02 kernel: e820: remove [mem 0x000a0000-0x000fffff] usable
May 25 15:04:44 pve-02 kernel: last_pfn = 0x61ee00 max_arch_pfn = 0x400000000
May 25 15:04:44 pve-02 kernel: total RAM covered: 24510M
May 25 15:04:44 pve-02 kernel:  gran_size: 64K         chunk_size: 64K         num_reg: 10          lose cover RAM: 238M
May 25 15:04:44 pve-02 kernel:  gran_size: 64K         chunk_size: 128K         num_reg: 10          lose cover RAM: 238M
May 25 15:04:44 pve-02 kernel:  gran_size: 64K         chunk_size: 256K         num_reg: 10          lose cover RAM: 238M
May 25 15:04:44 pve-02 kernel:  gran_size: 64K         chunk_size: 512K         num_reg: 10          lose cover RAM: 238M
May 25 15:04:44 pve-02 kernel:  gran_size: 64K         chunk_size: 1M         num_reg: 10          lose cover RAM: 238M
May 25 15:04:44 pve-02 kernel:  gran_size: 64K         chunk_size: 2M         num_reg: 10          lose cover RAM: 238M
May 25 15:04:44 pve-02 kernel:  gran_size: 64K         chunk_size: 4M         num_reg: 10          lose cover RAM: 238M
May 25 15:04:44 pve-02 kernel:  gran_size: 64K         chunk_size: 8M         num_reg: 10          lose cover RAM: 238M
May 25 15:04:44 pve-02 kernel:  gran_size: 64K         chunk_size: 16M         num_reg: 10          lose cover RAM: 238M
May 25 15:04:44 pve-02 kernel:  gran_size: 64K         chunk_size: 32M         num_reg: 10          lose cover RAM: 494M
May 25 15:04:44 pve-02 kernel: *BAD*gran_size: 64K         chunk_size: 64M         num_reg: 10          lose cover RAM: -16M
May 25 15:04:44 pve-02 kernel: *BAD*gran_size: 64K         chunk_size: 128M         num_reg: 10          lose cover RAM: -16M
May 25 15:04:44 pve-02 kernel: *BAD*gran_size: 64K         chunk_size: 256M         num_reg: 10          lose cover RAM: -16M
May 25 15:04:44 pve-02 kernel: *BAD*gran_size: 64K         chunk_size: 512M         num_reg: 10          lose cover RAM: -16M
May 25 15:04:44 pve-02 kernel: *BAD*gran_size: 64K         chunk_size: 1G         num_reg: 10          lose cover RAM: -512M
May 25 15:04:44 pve-02 kernel: *BAD*gran_size: 64K         chunk_size: 2G         num_reg: 10          lose cover RAM: -1536M
May 25 15:04:44 pve-02 kernel:  gran_size: 128K         chunk_size: 128K         num_reg: 10          lose cover RAM: 238M
May 25 15:04:44 pve-02 kernel:  gran_size: 128K         chunk_size: 256K         num_reg: 10          lose cover RAM: 238M
May 25 15:04:44 pve-02 kernel:  gran_size: 128K         chunk_size: 512K         num_reg: 10          lose cover RAM: 238M
May 25 15:04:44 pve-02 kernel:  gran_size: 128K         chunk_size: 1M         num_reg: 10          lose cover RAM: 238M
May 25 15:04:44 pve-02 kernel:  gran_size: 128K         chunk_size: 2M         num_reg: 10          lose cover RAM: 238M
May 25 15:04:44 pve-02 kernel:  gran_size: 128K         chunk_size: 4M         num_reg: 10          lose cover RAM: 238M
May 25 15:04:44 pve-02 kernel:  gran_size: 128K         chunk_size: 8M         num_reg: 10          lose cover RAM: 238M
May 25 15:04:44 pve-02 kernel:  gran_size: 128K         chunk_size: 16M         num_reg: 10          lose cover RAM: 238M
May 25 15:04:44 pve-02 kernel:  gran_size: 128K         chunk_size: 32M         num_reg: 10          lose cover RAM: 494M
May 25 15:04:44 pve-02 kernel: *BAD*gran_size: 128K         chunk_size: 64M         num_reg: 10          lose cover RAM: -16M
May 25 15:04:44 pve-02 kernel: *BAD*gran_size: 128K         chunk_size: 128M         num_reg: 10          lose cover RAM: -16M
May 25 15:04:44 pve-02 kernel: *BAD*gran_size: 128K         chunk_size: 256M         num_reg: 10          lose cover RAM: -16M
May 25 15:04:44 pve-02 kernel: *BAD*gran_size: 128K         chunk_size: 512M         num_reg: 10          lose cover RAM: -16M
May 25 15:04:44 pve-02 kernel: *BAD*gran_size: 128K         chunk_size: 1G         num_reg: 10          lose cover RAM: -512M
May 25 15:04:44 pve-02 kernel: *BAD*gran_size: 128K         chunk_size: 2G         num_reg: 10          lose cover RAM: -1536M
May 25 15:04:44 pve-02 kernel:  gran_size: 256K         chunk_size: 256K         num_reg: 10          lose cover RAM: 238M
May 25 15:04:44 pve-02 kernel:  gran_size: 256K         chunk_size: 512K         num_reg: 10          lose cover RAM: 238M
May 25 15:04:44 pve-02 kernel:  gran_size: 256K         chunk_size: 1M         num_reg: 10          lose cover RAM: 238M
May 25 15:04:44 pve-02 kernel:  gran_size: 256K         chunk_size: 2M         num_reg: 10          lose cover RAM: 238M
May 25 15:04:44 pve-02 kernel:  gran_size: 256K         chunk_size: 4M         num_reg: 10          lose cover RAM: 238M
May 25 15:04:44 pve-02 kernel:  gran_size: 256K         chunk_size: 8M         num_reg: 10          lose cover RAM: 238M
May 25 15:04:44 pve-02 kernel:  gran_size: 256K         chunk_size: 16M         num_reg: 10          lose cover RAM: 238M
May 25 15:04:44 pve-02 kernel:  gran_size: 256K         chunk_size: 32M         num_reg: 10          lose cover RAM: 494M
May 25 15:04:44 pve-02 kernel: *BAD*gran_size: 256K         chunk_size: 64M         num_reg: 10          lose cover RAM: -16M
May 25 15:04:44 pve-02 kernel: *BAD*gran_size: 256K         chunk_size: 128M         num_reg: 10          lose cover RAM: -16M
May 25 15:04:44 pve-02 kernel: *BAD*gran_size: 256K         chunk_size: 256M         num_reg: 10          lose cover RAM: -16M
May 25 15:04:44 pve-02 kernel: *BAD*gran_size: 256K         chunk_size: 512M         num_reg: 10          lose cover RAM: -16M
May 25 15:04:44 pve-02 kernel: *BAD*gran_size: 256K         chunk_size: 1G         num_reg: 10          lose cover RAM: -512M
May 25 15:04:44 pve-02 kernel: *BAD*gran_size: 256K         chunk_size: 2G         num_reg: 10          lose cover RAM: -1536M
May 25 15:04:44 pve-02 kernel:  gran_size: 512K         chunk_size: 512K         num_reg: 10          lose cover RAM: 238M
May 25 15:04:44 pve-02 kernel:  gran_size: 512K         chunk_size: 1M         num_reg: 10          lose cover RAM: 238M
May 25 15:04:44 pve-02 kernel:  gran_size: 512K         chunk_size: 2M         num_reg: 10          lose cover RAM: 238M
May 25 15:04:44 pve-02 kernel:  gran_size: 512K         chunk_size: 4M         num_reg: 10          lose cover RAM: 238M
May 25 15:04:44 pve-02 kernel:  gran_size: 512K         chunk_size: 8M         num_reg: 10          lose cover RAM: 238M
May 25 15:04:44 pve-02 kernel:  gran_size: 512K         chunk_size: 16M         num_reg: 10          lose cover RAM: 238M
May 25 15:04:44 pve-02 kernel:  gran_size: 512K         chunk_size: 32M         num_reg: 10          lose cover RAM: 494M
May 25 15:04:44 pve-02 kernel: *BAD*gran_size: 512K         chunk_size: 64M         num_reg: 10          lose cover RAM: -16M
May 25 15:04:44 pve-02 kernel: *BAD*gran_size: 512K         chunk_size: 128M         num_reg: 10          lose cover RAM: -16M
May 25 15:04:44 pve-02 kernel: *BAD*gran_size: 512K         chunk_size: 256M         num_reg: 10          lose cover RAM: -16M
May 25 15:04:44 pve-02 kernel: *BAD*gran_size: 512K         chunk_size: 512M         num_reg: 10          lose cover RAM: -16M
May 25 15:04:44 pve-02 kernel: *BAD*gran_size: 512K         chunk_size: 1G         num_reg: 10          lose cover RAM: -512M
May 25 15:04:44 pve-02 kernel: *BAD*gran_size: 512K         chunk_size: 2G         num_reg: 10          lose cover RAM: -1536M
May 25 15:04:44 pve-02 kernel:  gran_size: 1M         chunk_size: 1M         num_reg: 10          lose cover RAM: 238M
May 25 15:04:44 pve-02 kernel:  gran_size: 1M         chunk_size: 2M         num_reg: 10          lose cover RAM: 238M
May 25 15:04:44 pve-02 kernel:  gran_size: 1M         chunk_size: 4M         num_reg: 10          lose cover RAM: 238M
May 25 15:04:44 pve-02 kernel:  gran_size: 1M         chunk_size: 8M         num_reg: 10          lose cover RAM: 238M
May 25 15:04:44 pve-02 kernel:  gran_size: 1M         chunk_size: 16M         num_reg: 10          lose cover RAM: 238M
May 25 15:04:44 pve-02 kernel:  gran_size: 1M         chunk_size: 32M         num_reg: 10          lose cover RAM: 494M
May 25 15:04:44 pve-02 kernel: *BAD*gran_size: 1M         chunk_size: 64M         num_reg: 10          lose cover RAM: -16M
May 25 15:04:44 pve-02 kernel: *BAD*gran_size: 1M         chunk_size: 128M         num_reg: 10          lose cover RAM: -16M
May 25 15:04:44 pve-02 kernel: *BAD*gran_size: 1M         chunk_size: 256M         num_reg: 10          lose cover RAM: -16M
May 25 15:04:44 pve-02 kernel: *BAD*gran_size: 1M         chunk_size: 512M         num_reg: 10          lose cover RAM: -16M
May 25 15:04:44 pve-02 kernel: *BAD*gran_size: 1M         chunk_size: 1G         num_reg: 10          lose cover RAM: -512M
May 25 15:04:44 pve-02 kernel: *BAD*gran_size: 1M         chunk_size: 2G         num_reg: 10          lose cover RAM: -1536M
May 25 15:04:44 pve-02 kernel:  gran_size: 2M         chunk_size: 2M         num_reg: 10          lose cover RAM: 238M
May 25 15:04:44 pve-02 kernel:  gran_size: 2M         chunk_size: 4M         num_reg: 10          lose cover RAM: 238M
May 25 15:04:44 pve-02 kernel:  gran_size: 2M         chunk_size: 8M         num_reg: 10          lose cover RAM: 238M
May 25 15:04:44 pve-02 kernel:  gran_size: 2M         chunk_size: 16M         num_reg: 10          lose cover RAM: 238M
May 25 15:04:44 pve-02 kernel:  gran_size: 2M         chunk_size: 32M         num_reg: 10          lose cover RAM: 494M
May 25 15:04:44 pve-02 kernel: *BAD*gran_size: 2M         chunk_size: 64M         num_reg: 10          lose cover RAM: -16M
May 25 15:04:44 pve-02 kernel: *BAD*gran_size: 2M         chunk_size: 128M         num_reg: 10          lose cover RAM: -16M
May 25 15:04:44 pve-02 kernel: *BAD*gran_size: 2M         chunk_size: 256M         num_reg: 10          lose cover RAM: -16M
May 25 15:04:44 pve-02 kernel: *BAD*gran_size: 2M         chunk_size: 512M         num_reg: 10          lose cover RAM: -16M
May 25 15:04:44 pve-02 kernel: *BAD*gran_size: 2M         chunk_size: 1G         num_reg: 10          lose cover RAM: -512M
May 25 15:04:44 pve-02 kernel: *BAD*gran_size: 2M         chunk_size: 2G         num_reg: 10          lose cover RAM: -1536M
May 25 15:04:44 pve-02 kernel:  gran_size: 4M         chunk_size: 4M         num_reg: 10          lose cover RAM: 238M
May 25 15:04:44 pve-02 kernel:  gran_size: 4M         chunk_size: 8M         num_reg: 10          lose cover RAM: 238M
May 25 15:04:44 pve-02 kernel:  gran_size: 4M         chunk_size: 16M         num_reg: 10          lose cover RAM: 238M
May 25 15:04:44 pve-02 kernel:  gran_size: 4M         chunk_size: 32M         num_reg: 10          lose cover RAM: 494M
May 25 15:04:44 pve-02 kernel: *BAD*gran_size: 4M         chunk_size: 64M         num_reg: 10          lose cover RAM: -14M
May 25 15:04:44 pve-02 kernel: *BAD*gran_size: 4M         chunk_size: 128M         num_reg: 10          lose cover RAM: -14M
May 25 15:04:44 pve-02 kernel: *BAD*gran_size: 4M         chunk_size: 256M         num_reg: 10          lose cover RAM: -14M
May 25 15:04:44 pve-02 kernel: *BAD*gran_size: 4M         chunk_size: 512M         num_reg: 10          lose cover RAM: -14M
May 25 15:04:44 pve-02 kernel: *BAD*gran_size: 4M         chunk_size: 1G         num_reg: 10          lose cover RAM: -510M
May 25 15:04:44 pve-02 kernel: *BAD*gran_size: 4M         chunk_size: 2G         num_reg: 10          lose cover RAM: -1534M
May 25 15:04:44 pve-02 kernel:  gran_size: 8M         chunk_size: 8M         num_reg: 10          lose cover RAM: 238M
May 25 15:04:44 pve-02 kernel:  gran_size: 8M         chunk_size: 16M         num_reg: 10          lose cover RAM: 238M
May 25 15:04:44 pve-02 kernel:  gran_size: 8M         chunk_size: 32M         num_reg: 10          lose cover RAM: 494M
May 25 15:04:44 pve-02 kernel: *BAD*gran_size: 8M         chunk_size: 64M         num_reg: 10          lose cover RAM: -10M
May 25 15:04:44 pve-02 kernel: *BAD*gran_size: 8M         chunk_size: 128M         num_reg: 10          lose cover RAM: -10M
May 25 15:04:44 pve-02 kernel: *BAD*gran_size: 8M         chunk_size: 256M         num_reg: 10          lose cover RAM: -10M
May 25 15:04:44 pve-02 kernel: *BAD*gran_size: 8M         chunk_size: 512M         num_reg: 10          lose cover RAM: -10M
May 25 15:04:44 pve-02 kernel: *BAD*gran_size: 8M         chunk_size: 1G         num_reg: 10          lose cover RAM: -506M
May 25 15:04:44 pve-02 kernel: *BAD*gran_size: 8M         chunk_size: 2G         num_reg: 10          lose cover RAM: -1530M
May 25 15:04:44 pve-02 kernel:  gran_size: 16M         chunk_size: 16M         num_reg: 10          lose cover RAM: 238M
May 25 15:04:44 pve-02 kernel:  gran_size: 16M         chunk_size: 32M         num_reg: 10          lose cover RAM: 494M
May 25 15:04:44 pve-02 kernel:  gran_size: 16M         chunk_size: 64M         num_reg: 10          lose cover RAM: 14M
May 25 15:04:44 pve-02 kernel:  gran_size: 16M         chunk_size: 128M         num_reg: 10          lose cover RAM: 14M
May 25 15:04:44 pve-02 kernel:  gran_size: 16M         chunk_size: 256M         num_reg: 10          lose cover RAM: 14M
May 25 15:04:44 pve-02 kernel:  gran_size: 16M         chunk_size: 512M         num_reg: 10          lose cover RAM: 14M
May 25 15:04:44 pve-02 kernel:  gran_size: 16M         chunk_size: 1G         num_reg: 10          lose cover RAM: 14M
May 25 15:04:44 pve-02 kernel: *BAD*gran_size: 16M         chunk_size: 2G         num_reg: 10          lose cover RAM: -1010M
May 25 15:04:44 pve-02 kernel:  gran_size: 32M         chunk_size: 32M         num_reg: 10          lose cover RAM: 126M
May 25 15:04:44 pve-02 kernel:  gran_size: 32M         chunk_size: 64M         num_reg: 10          lose cover RAM: 30M
May 25 15:04:44 pve-02 kernel:  gran_size: 32M         chunk_size: 128M         num_reg: 9          lose cover RAM: 30M
May 25 15:04:44 pve-02 kernel:  gran_size: 32M         chunk_size: 256M         num_reg: 9          lose cover RAM: 30M
May 25 15:04:44 pve-02 kernel:  gran_size: 32M         chunk_size: 512M         num_reg: 9          lose cover RAM: 30M
May 25 15:04:44 pve-02 kernel:  gran_size: 32M         chunk_size: 1G         num_reg: 9          lose cover RAM: 30M
May 25 15:04:44 pve-02 kernel:  gran_size: 32M         chunk_size: 2G         num_reg: 10          lose cover RAM: 30M
May 25 15:04:44 pve-02 kernel:  gran_size: 64M         chunk_size: 64M         num_reg: 10          lose cover RAM: 126M
May 25 15:04:44 pve-02 kernel:  gran_size: 64M         chunk_size: 128M         num_reg: 9          lose cover RAM: 62M
May 25 15:04:44 pve-02 kernel:  gran_size: 64M         chunk_size: 256M         num_reg: 9          lose cover RAM: 62M
May 25 15:04:44 pve-02 kernel:  gran_size: 64M         chunk_size: 512M         num_reg: 9          lose cover RAM: 62M
May 25 15:04:44 pve-02 kernel:  gran_size: 64M         chunk_size: 1G         num_reg: 9          lose cover RAM: 62M
May 25 15:04:44 pve-02 kernel:  gran_size: 64M         chunk_size: 2G         num_reg: 10          lose cover RAM: 62M
May 25 15:04:44 pve-02 kernel:  gran_size: 128M         chunk_size: 128M         num_reg: 9          lose cover RAM: 190M
May 25 15:04:44 pve-02 kernel:  gran_size: 128M         chunk_size: 256M         num_reg: 9          lose cover RAM: 190M
May 25 15:04:44 pve-02 kernel:  gran_size: 128M         chunk_size: 512M         num_reg: 9          lose cover RAM: 190M
May 25 15:04:44 pve-02 kernel:  gran_size: 128M         chunk_size: 1G         num_reg: 9          lose cover RAM: 190M
May 25 15:04:44 pve-02 kernel:  gran_size: 128M         chunk_size: 2G         num_reg: 10          lose cover RAM: 190M
May 25 15:04:44 pve-02 kernel:  gran_size: 256M         chunk_size: 256M         num_reg: 7          lose cover RAM: 446M
May 25 15:04:44 pve-02 kernel:  gran_size: 256M         chunk_size: 512M         num_reg: 9          lose cover RAM: 446M
May 25 15:04:44 pve-02 kernel:  gran_size: 256M         chunk_size: 1G         num_reg: 9          lose cover RAM: 446M
May 25 15:04:44 pve-02 kernel:  gran_size: 256M         chunk_size: 2G         num_reg: 10          lose cover RAM: 446M
May 25 15:04:44 pve-02 kernel:  gran_size: 512M         chunk_size: 512M         num_reg: 5          lose cover RAM: 958M
May 25 15:04:44 pve-02 kernel:  gran_size: 512M         chunk_size: 1G         num_reg: 5          lose cover RAM: 958M
May 25 15:04:44 pve-02 kernel:  gran_size: 512M         chunk_size: 2G         num_reg: 5          lose cover RAM: 958M
May 25 15:04:44 pve-02 kernel:  gran_size: 1G         chunk_size: 1G         num_reg: 5          lose cover RAM: 958M
May 25 15:04:44 pve-02 kernel:  gran_size: 1G         chunk_size: 2G         num_reg: 5          lose cover RAM: 958M
May 25 15:04:44 pve-02 kernel:  gran_size: 2G         chunk_size: 2G         num_reg: 4          lose cover RAM: 1982M
May 25 15:04:44 pve-02 kernel: mtrr_cleanup: can not find optimal value
May 25 15:04:44 pve-02 kernel: please specify mtrr_gran_size/mtrr_chunk_size
May 25 15:04:44 pve-02 kernel: MTRR map: 9 entries (5 fixed + 4 variable; max 25), built from 10 variable MTRRs
May 25 15:04:44 pve-02 kernel: x86/PAT: Configuration [0-7]: WB  WC  UC- UC  WB  WP  UC- WT  
May 25 15:04:44 pve-02 kernel: e820: update [mem 0xdd000000-0xffffffff] usable ==> reserved
May 25 15:04:44 pve-02 kernel: last_pfn = 0xdbb4c max_arch_pfn = 0x400000000
May 25 15:04:44 pve-02 kernel: found SMP MP-table at [mem 0x000fd940-0x000fd94f]
May 25 15:04:44 pve-02 kernel: Using GB pages for direct mapping
May 25 15:04:44 pve-02 kernel: secureboot: Secure boot disabled
May 25 15:04:44 pve-02 kernel: RAMDISK: [mem 0x30aeb000-0x3456cfff]
May 25 15:04:44 pve-02 kernel: ACPI: Early table checksum verification disabled
May 25 15:04:44 pve-02 kernel: ACPI: RSDP 0x00000000D8FEE000 000024 (v02 DELL  )
May 25 15:04:44 pve-02 kernel: ACPI: XSDT 0x00000000D8FEE090 0000A4 (v01 DELL   CBX3     01072009 AMI  00010013)
May 25 15:04:44 pve-02 kernel: ACPI: FACP 0x00000000D8FF9488 00010C (v05 DELL   CBX3     01072009 AMI  00010013)
May 25 15:04:44 pve-02 kernel: ACPI: DSDT 0x00000000D8FEE1C8 00B2B9 (v02 DELL   CBX3     00000014 INTL 20091112)
May 25 15:04:44 pve-02 kernel: ACPI: FACS 0x00000000DA7FE080 000040
May 25 15:04:44 pve-02 kernel: ACPI: APIC 0x00000000D8FF9598 000072 (v03 DELL   CBX3     01072009 AMI  00010013)
May 25 15:04:44 pve-02 kernel: ACPI: FPDT 0x00000000D8FF9610 000044 (v01 DELL   CBX3     01072009 AMI  00010013)
May 25 15:04:44 pve-02 kernel: ACPI: SLIC 0x00000000D8FF9658 000176 (v03 DELL   CBX3     01072009 MSFT 00010013)
May 25 15:04:44 pve-02 kernel: ACPI: LPIT 0x00000000D8FF97D0 00005C (v01 DELL   CBX3     00000000 AMI. 00000005)
May 25 15:04:44 pve-02 kernel: ACPI: SSDT 0x00000000D8FF9830 000539 (v01 PmRef  Cpu0Ist  00003000 INTL 20120711)
May 25 15:04:44 pve-02 kernel: ACPI: SSDT 0x00000000D8FF9D70 000AD8 (v01 PmRef  CpuPm    00003000 INTL 20120711)
May 25 15:04:44 pve-02 kernel: ACPI: SSDT 0x00000000D8FFA848 0001C7 (v01 PmRef  LakeTiny 00003000 INTL 20120711)
May 25 15:04:44 pve-02 kernel: ACPI: HPET 0x00000000D8FFAA10 000038 (v01 DELL   CBX3     01072009 AMI. 00000005)
May 25 15:04:44 pve-02 kernel: ACPI: SSDT 0x00000000D8FFAA48 00036D (v01 SataRe SataTabl 00001000 INTL 20120711)
May 25 15:04:44 pve-02 kernel: ACPI: MCFG 0x00000000D8FFADB8 00003C (v01 DELL   CBX3     01072009 MSFT 00000097)
May 25 15:04:44 pve-02 kernel: ACPI: SSDT 0x00000000D8FFADF8 0034D6 (v01 SaSsdt SaSsdt   00003000 INTL 20091112)
May 25 15:04:44 pve-02 kernel: ACPI: ASF! 0x00000000D8FFE2D0 0000A5 (v32 INTEL   HCG     00000001 TFSM 000F4240)
May 25 15:04:44 pve-02 kernel: ACPI: MSDM 0x00000000D8FFE378 000055 (v03 DELL   CBX3     06222004 AMI  00010013)
May 25 15:04:44 pve-02 kernel: [81B blob data]
May 25 15:04:44 pve-02 kernel: ACPI: DMAR 0x00000000D8FFE408 0000B8 (v01 INTEL  HSW      00000001 INTL 00000001)
May 25 15:04:44 pve-02 kernel: ACPI: Reserving FACP table memory at [mem 0xd8ff9488-0xd8ff9593]
May 25 15:04:44 pve-02 kernel: ACPI: Reserving DSDT table memory at [mem 0xd8fee1c8-0xd8ff9480]
May 25 15:04:44 pve-02 kernel: ACPI: Reserving FACS table memory at [mem 0xda7fe080-0xda7fe0bf]
May 25 15:04:44 pve-02 kernel: ACPI: Reserving APIC table memory at [mem 0xd8ff9598-0xd8ff9609]
May 25 15:04:44 pve-02 kernel: ACPI: Reserving FPDT table memory at [mem 0xd8ff9610-0xd8ff9653]
May 25 15:04:44 pve-02 kernel: ACPI: Reserving SLIC table memory at [mem 0xd8ff9658-0xd8ff97cd]
May 25 15:04:44 pve-02 kernel: ACPI: Reserving LPIT table memory at [mem 0xd8ff97d0-0xd8ff982b]
May 25 15:04:44 pve-02 kernel: ACPI: Reserving SSDT table memory at [mem 0xd8ff9830-0xd8ff9d68]
May 25 15:04:44 pve-02 kernel: ACPI: Reserving SSDT table memory at [mem 0xd8ff9d70-0xd8ffa847]
May 25 15:04:44 pve-02 kernel: ACPI: Reserving SSDT table memory at [mem 0xd8ffa848-0xd8ffaa0e]
May 25 15:04:44 pve-02 kernel: ACPI: Reserving HPET table memory at [mem 0xd8ffaa10-0xd8ffaa47]
May 25 15:04:44 pve-02 kernel: ACPI: Reserving SSDT table memory at [mem 0xd8ffaa48-0xd8ffadb4]
May 25 15:04:44 pve-02 kernel: ACPI: Reserving MCFG table memory at [mem 0xd8ffadb8-0xd8ffadf3]
May 25 15:04:44 pve-02 kernel: ACPI: Reserving SSDT table memory at [mem 0xd8ffadf8-0xd8ffe2cd]
May 25 15:04:44 pve-02 kernel: ACPI: Reserving ASF! table memory at [mem 0xd8ffe2d0-0xd8ffe374]
May 25 15:04:44 pve-02 kernel: ACPI: Reserving MSDM table memory at [mem 0xd8ffe378-0xd8ffe3cc]
May 25 15:04:44 pve-02 kernel: ACPI: Reserving BGRT table memory at [mem 0xd8ffe3d0-0xd8ffe407]
May 25 15:04:44 pve-02 kernel: ACPI: Reserving DMAR table memory at [mem 0xd8ffe408-0xd8ffe4bf]
May 25 15:04:44 pve-02 kernel: No NUMA configuration found
May 25 15:04:44 pve-02 kernel: Faking a node at [mem 0x0000000000000000-0x000000061edfffff]
May 25 15:04:44 pve-02 kernel: NODE_DATA(0) allocated [mem 0x61edd5000-0x61edfffff]
May 25 15:04:44 pve-02 kernel: Zone ranges:
May 25 15:04:44 pve-02 kernel:   DMA      [mem 0x0000000000001000-0x0000000000ffffff]
May 25 15:04:44 pve-02 kernel:   DMA32    [mem 0x0000000001000000-0x00000000ffffffff]
May 25 15:04:44 pve-02 kernel:   Normal   [mem 0x0000000100000000-0x000000061edfffff]
May 25 15:04:44 pve-02 kernel:   Device   empty
May 25 15:04:44 pve-02 kernel: Movable zone start for each node
May 25 15:04:44 pve-02 kernel: Early memory node ranges
May 25 15:04:44 pve-02 kernel:   node   0: [mem 0x0000000000001000-0x0000000000057fff]
May 25 15:04:44 pve-02 kernel:   node   0: [mem 0x0000000000059000-0x000000000009efff]
May 25 15:04:44 pve-02 kernel:   node   0: [mem 0x0000000000100000-0x00000000d13dffff]
May 25 15:04:44 pve-02 kernel:   node   0: [mem 0x00000000d13e7000-0x00000000d181cfff]
May 25 15:04:44 pve-02 kernel:   node   0: [mem 0x00000000d1caf000-0x00000000d7ee9fff]
May 25 15:04:44 pve-02 kernel:   node   0: [mem 0x00000000d8000000-0x00000000d875efff]
May 25 15:04:44 pve-02 kernel:   node   0: [mem 0x00000000d8800000-0x00000000d8fadfff]
May 25 15:04:44 pve-02 kernel:   node   0: [mem 0x00000000d9000000-0x00000000da71bfff]
May 25 15:04:44 pve-02 kernel:   node   0: [mem 0x00000000da800000-0x00000000dbb4bfff]
May 25 15:04:44 pve-02 kernel:   node   0: [mem 0x0000000100000000-0x000000061edfffff]
May 25 15:04:44 pve-02 kernel: Initmem setup node 0 [mem 0x0000000000001000-0x000000061edfffff]
May 25 15:04:44 pve-02 kernel: On node 0, zone DMA: 1 pages in unavailable ranges
May 25 15:04:44 pve-02 kernel: On node 0, zone DMA: 1 pages in unavailable ranges
May 25 15:04:44 pve-02 kernel: On node 0, zone DMA: 97 pages in unavailable ranges
May 25 15:04:44 pve-02 kernel: On node 0, zone DMA32: 7 pages in unavailable ranges
May 25 15:04:44 pve-02 kernel: On node 0, zone DMA32: 1170 pages in unavailable ranges
May 25 15:04:44 pve-02 kernel: On node 0, zone DMA32: 278 pages in unavailable ranges
May 25 15:04:44 pve-02 kernel: On node 0, zone DMA32: 161 pages in unavailable ranges
May 25 15:04:44 pve-02 kernel: On node 0, zone DMA32: 82 pages in unavailable ranges
May 25 15:04:44 pve-02 kernel: On node 0, zone DMA32: 228 pages in unavailable ranges
May 25 15:04:44 pve-02 kernel: On node 0, zone Normal: 17588 pages in unavailable ranges
May 25 15:04:44 pve-02 kernel: On node 0, zone Normal: 4608 pages in unavailable ranges
May 25 15:04:44 pve-02 kernel: Reserving Intel graphics memory at [mem 0xdd200000-0xdf1fffff]
May 25 15:04:44 pve-02 kernel: ACPI: PM-Timer IO Port: 0x1808
May 25 15:04:44 pve-02 kernel: ACPI: LAPIC_NMI (acpi_id[0xff] high edge lint[0x1])
May 25 15:04:44 pve-02 kernel: IOAPIC[0]: apic_id 8, version 32, address 0xfec00000, GSI 0-23
May 25 15:04:44 pve-02 kernel: ACPI: INT_SRC_OVR (bus 0 bus_irq 0 global_irq 2 dfl dfl)
May 25 15:04:44 pve-02 kernel: ACPI: INT_SRC_OVR (bus 0 bus_irq 9 global_irq 9 high level)
May 25 15:04:44 pve-02 kernel: ACPI: Using ACPI (MADT) for SMP configuration information
May 25 15:04:44 pve-02 kernel: ACPI: HPET id: 0x8086a701 base: 0xfed00000
May 25 15:04:44 pve-02 kernel: e820: update [mem 0xd03c2000-0xd0407fff] usable ==> reserved
May 25 15:04:44 pve-02 kernel: [Firmware Bug]: TSC_DEADLINE disabled due to Errata; please update microcode to version: 0x22 (or later)
May 25 15:04:44 pve-02 kernel: smpboot: Allowing 4 CPUs, 0 hotplug CPUs
May 25 15:04:44 pve-02 kernel: PM: hibernation: Registered nosave memory: [mem 0x00000000-0x00000fff]
May 25 15:04:44 pve-02 kernel: PM: hibernation: Registered nosave memory: [mem 0x00058000-0x00058fff]
May 25 15:04:44 pve-02 kernel: PM: hibernation: Registered nosave memory: [mem 0x0009f000-0x0009ffff]
May 25 15:04:44 pve-02 kernel: PM: hibernation: Registered nosave memory: [mem 0x000a0000-0x000fffff]
May 25 15:04:44 pve-02 kernel: PM: hibernation: Registered nosave memory: [mem 0xd03c2000-0xd0407fff]
May 25 15:04:44 pve-02 kernel: PM: hibernation: Registered nosave memory: [mem 0xd13e0000-0xd13e6fff]
May 25 15:04:44 pve-02 kernel: PM: hibernation: Registered nosave memory: [mem 0xd181d000-0xd1caefff]
May 25 15:04:44 pve-02 kernel: PM: hibernation: Registered nosave memory: [mem 0xd7eea000-0xd7ffffff]
May 25 15:04:44 pve-02 kernel: PM: hibernation: Registered nosave memory: [mem 0xd875f000-0xd87fffff]
May 25 15:04:44 pve-02 kernel: PM: hibernation: Registered nosave memory: [mem 0xd8fae000-0xd8ffffff]
May 25 15:04:44 pve-02 kernel: PM: hibernation: Registered nosave memory: [mem 0xda71c000-0xda7fffff]
May 25 15:04:44 pve-02 kernel: PM: hibernation: Registered nosave memory: [mem 0xdbb4c000-0xdbffffff]
May 25 15:04:44 pve-02 kernel: PM: hibernation: Registered nosave memory: [mem 0xdc000000-0xdcffffff]
May 25 15:04:44 pve-02 kernel: PM: hibernation: Registered nosave memory: [mem 0xdd000000-0xdf1fffff]
May 25 15:04:44 pve-02 kernel: PM: hibernation: Registered nosave memory: [mem 0xdf200000-0xfebfffff]
May 25 15:04:44 pve-02 kernel: PM: hibernation: Registered nosave memory: [mem 0xfec00000-0xfec00fff]
May 25 15:04:44 pve-02 kernel: PM: hibernation: Registered nosave memory: [mem 0xfec01000-0xfecfffff]
May 25 15:04:44 pve-02 kernel: PM: hibernation: Registered nosave memory: [mem 0xfed00000-0xfed03fff]
May 25 15:04:44 pve-02 kernel: PM: hibernation: Registered nosave memory: [mem 0xfed04000-0xfed1bfff]
May 25 15:04:44 pve-02 kernel: PM: hibernation: Registered nosave memory: [mem 0xfed1c000-0xfed1ffff]
May 25 15:04:44 pve-02 kernel: PM: hibernation: Registered nosave memory: [mem 0xfed20000-0xfedfffff]
May 25 15:04:44 pve-02 kernel: PM: hibernation: Registered nosave memory: [mem 0xfee00000-0xfee00fff]
May 25 15:04:44 pve-02 kernel: PM: hibernation: Registered nosave memory: [mem 0xfee01000-0xffffffff]
May 25 15:04:44 pve-02 kernel: [mem 0xdf200000-0xfebfffff] available for PCI devices
May 25 15:04:44 pve-02 kernel: Booting paravirtualized kernel on bare hardware
May 25 15:04:44 pve-02 kernel: clocksource: refined-jiffies: mask: 0xffffffff max_cycles: 0xffffffff, max_idle_ns: 1910969940391419 ns
May 25 15:04:44 pve-02 kernel: setup_percpu: NR_CPUS:8192 nr_cpumask_bits:4 nr_cpu_ids:4 nr_node_ids:1
May 25 15:04:44 pve-02 kernel: percpu: Embedded 86 pages/cpu s229376 r8192 d114688 u524288
May 25 15:04:44 pve-02 kernel: pcpu-alloc: s229376 r8192 d114688 u524288 alloc=1*2097152
May 25 15:04:44 pve-02 kernel: pcpu-alloc: [0] 0 1 2 3 
May 25 15:04:44 pve-02 kernel: Kernel command line: BOOT_IMAGE=/boot/vmlinuz-6.8.12-10-pve root=/dev/mapper/pve-root ro quiet
May 25 15:04:44 pve-02 kernel: Unknown kernel command line parameters "BOOT_IMAGE=/boot/vmlinuz-6.8.12-10-pve", will be passed to user space.
May 25 15:04:44 pve-02 kernel: random: crng init done
May 25 15:04:44 pve-02 kernel: Dentry cache hash table entries: 4194304 (order: 13, 33554432 bytes, linear)
May 25 15:04:44 pve-02 kernel: Inode-cache hash table entries: 2097152 (order: 12, 16777216 bytes, linear)
May 25 15:04:44 pve-02 kernel: Fallback order for Node 0: 0 
May 25 15:04:44 pve-02 kernel: Built 1 zonelists, mobility grouping on.  Total pages: 6169150
May 25 15:04:44 pve-02 kernel: Policy zone: Normal
May 25 15:04:44 pve-02 kernel: mem auto-init: stack:all(zero), heap alloc:on, heap free:off
May 25 15:04:44 pve-02 kernel: software IO TLB: area num 4.
May 25 15:04:44 pve-02 kernel: Memory: 24350248K/25068940K available (20480K kernel code, 3636K rwdata, 13468K rodata, 4816K init, 5696K bss, 718432K reserved, 0K cma-reserved)
May 25 15:04:44 pve-02 kernel: SLUB: HWalign=64, Order=0-3, MinObjects=0, CPUs=4, Nodes=1
May 25 15:04:44 pve-02 kernel: Kernel/User page tables isolation: enabled
May 25 15:04:44 pve-02 kernel: ftrace: allocating 55545 entries in 217 pages
May 25 15:04:44 pve-02 kernel: ftrace: allocated 217 pages with 5 groups
May 25 15:04:44 pve-02 kernel: Dynamic Preempt: voluntary
May 25 15:04:44 pve-02 kernel: rcu: Preemptible hierarchical RCU implementation.
May 25 15:04:44 pve-02 kernel: rcu:         RCU restricting CPUs from NR_CPUS=8192 to nr_cpu_ids=4.
May 25 15:04:44 pve-02 kernel:         Trampoline variant of Tasks RCU enabled.
May 25 15:04:44 pve-02 kernel:         Rude variant of Tasks RCU enabled.
May 25 15:04:44 pve-02 kernel:         Tracing variant of Tasks RCU enabled.
May 25 15:04:44 pve-02 kernel: rcu: RCU calculated value of scheduler-enlistment delay is 100 jiffies.
May 25 15:04:44 pve-02 kernel: rcu: Adjusting geometry for rcu_fanout_leaf=16, nr_cpu_ids=4
May 25 15:04:44 pve-02 kernel: NR_IRQS: 524544, nr_irqs: 456, preallocated irqs: 16
May 25 15:04:44 pve-02 kernel: rcu: srcu_init: Setting srcu_struct sizes based on contention.
May 25 15:04:44 pve-02 kernel: Console: colour dummy device 80x25
May 25 15:04:44 pve-02 kernel: printk: legacy console [tty0] enabled
May 25 15:04:44 pve-02 kernel: ACPI: Core revision 20230628
May 25 15:04:44 pve-02 kernel: clocksource: hpet: mask: 0xffffffff max_cycles: 0xffffffff, max_idle_ns: 133484882848 ns
May 25 15:04:44 pve-02 kernel: APIC: Switch to symmetric I/O mode setup
May 25 15:04:44 pve-02 kernel: DMAR: Host address width 39
May 25 15:04:44 pve-02 kernel: DMAR: DRHD base: 0x000000fed90000 flags: 0x0
May 25 15:04:44 pve-02 kernel: DMAR: dmar0: reg_base_addr fed90000 ver 1:0 cap c0000020660462 ecap f0101a
May 25 15:04:44 pve-02 kernel: DMAR: DRHD base: 0x000000fed91000 flags: 0x1
May 25 15:04:44 pve-02 kernel: DMAR: dmar1: reg_base_addr fed91000 ver 1:0 cap d2008020660462 ecap f010da
May 25 15:04:44 pve-02 kernel: DMAR: RMRR base: 0x000000dbcb6000 end: 0x000000dbcc3fff
May 25 15:04:44 pve-02 kernel: DMAR: RMRR base: 0x000000dd000000 end: 0x000000df1fffff
May 25 15:04:44 pve-02 kernel: DMAR-IR: IOAPIC id 8 under DRHD base  0xfed91000 IOMMU 1
May 25 15:04:44 pve-02 kernel: DMAR-IR: HPET id 0 under DRHD base 0xfed91000
May 25 15:04:44 pve-02 kernel: DMAR-IR: Queued invalidation will be enabled to support x2apic and Intr-remapping.
May 25 15:04:44 pve-02 kernel: DMAR-IR: Enabled IRQ remapping in x2apic mode
May 25 15:04:44 pve-02 kernel: x2apic enabled
May 25 15:04:44 pve-02 kernel: APIC: Switched APIC routing to: cluster x2apic
May 25 15:04:44 pve-02 kernel: ..TIMER: vector=0x30 apic1=0 pin1=2 apic2=-1 pin2=-1
May 25 15:04:44 pve-02 kernel: clocksource: tsc-early: mask: 0xffffffffffffffff max_cycles: 0x2f750774639, max_idle_ns: 440795350979 ns
May 25 15:04:44 pve-02 kernel: Calibrating delay loop (skipped), value calculated using timer frequency.. 6584.67 BogoMIPS (lpj=3292339)
May 25 15:04:44 pve-02 kernel: CPU0: Thermal monitoring enabled (TM1)
May 25 15:04:44 pve-02 kernel: process: using mwait in idle threads
May 25 15:04:44 pve-02 kernel: Last level iTLB entries: 4KB 1024, 2MB 1024, 4MB 1024
May 25 15:04:44 pve-02 kernel: Last level dTLB entries: 4KB 1024, 2MB 1024, 4MB 1024, 1GB 4
May 25 15:04:44 pve-02 kernel: Spectre V1 : Mitigation: usercopy/swapgs barriers and __user pointer sanitization
May 25 15:04:44 pve-02 kernel: Spectre V2 : Mitigation: Retpolines
May 25 15:04:44 pve-02 kernel: Spectre V2 : Spectre v2 / SpectreRSB mitigation: Filling RSB on context switch
May 25 15:04:44 pve-02 kernel: Spectre V2 : Spectre v2 / SpectreRSB : Filling RSB on VMEXIT
May 25 15:04:44 pve-02 kernel: Speculative Store Bypass: Vulnerable
May 25 15:04:44 pve-02 kernel: MDS: Vulnerable: Clear CPU buffers attempted, no microcode
May 25 15:04:44 pve-02 kernel: MMIO Stale Data: Unknown: No mitigations
May 25 15:04:44 pve-02 kernel: SRBDS: Vulnerable: No microcode
May 25 15:04:44 pve-02 kernel: x86/fpu: Supporting XSAVE feature 0x001: 'x87 floating point registers'
May 25 15:04:44 pve-02 kernel: x86/fpu: Supporting XSAVE feature 0x002: 'SSE registers'
May 25 15:04:44 pve-02 kernel: x86/fpu: Supporting XSAVE feature 0x004: 'AVX registers'
May 25 15:04:44 pve-02 kernel: x86/fpu: xstate_offset[2]:  576, xstate_sizes[2]:  256
May 25 15:04:44 pve-02 kernel: x86/fpu: Enabled xstate features 0x7, context size is 832 bytes, using 'standard' format.
May 25 15:04:44 pve-02 kernel: Freeing SMP alternatives memory: 48K
May 25 15:04:44 pve-02 kernel: pid_max: default: 32768 minimum: 301
May 25 15:04:44 pve-02 kernel: LSM: initializing lsm=lockdown,capability,yama,apparmor,integrity
May 25 15:04:44 pve-02 kernel: Yama: becoming mindful.
May 25 15:04:44 pve-02 kernel: AppArmor: AppArmor initialized
May 25 15:04:44 pve-02 kernel: Mount-cache hash table entries: 65536 (order: 7, 524288 bytes, linear)
May 25 15:04:44 pve-02 kernel: Mountpoint-cache hash table entries: 65536 (order: 7, 524288 bytes, linear)
May 25 15:04:44 pve-02 kernel: smpboot: CPU0: Intel(R) Core(TM) i5-4590 CPU @ 3.30GHz (family: 0x6, model: 0x3c, stepping: 0x3)
May 25 15:04:44 pve-02 kernel: RCU Tasks: Setting shift to 2 and lim to 1 rcu_task_cb_adjust=1 rcu_task_cpu_ids=4.
May 25 15:04:44 pve-02 kernel: RCU Tasks Rude: Setting shift to 2 and lim to 1 rcu_task_cb_adjust=1 rcu_task_cpu_ids=4.
May 25 15:04:44 pve-02 kernel: RCU Tasks Trace: Setting shift to 2 and lim to 1 rcu_task_cb_adjust=1 rcu_task_cpu_ids=4.
May 25 15:04:44 pve-02 kernel: Performance Events: PEBS fmt2+, Haswell events, 16-deep LBR, full-width counters, Intel PMU driver.
May 25 15:04:44 pve-02 kernel: ... version:                3
May 25 15:04:44 pve-02 kernel: ... bit width:              48
May 25 15:04:44 pve-02 kernel: ... generic registers:      8
May 25 15:04:44 pve-02 kernel: ... value mask:             0000ffffffffffff
May 25 15:04:44 pve-02 kernel: ... max period:             00007fffffffffff
May 25 15:04:44 pve-02 kernel: ... fixed-purpose events:   3
May 25 15:04:44 pve-02 kernel: ... event mask:             00000007000000ff
May 25 15:04:44 pve-02 kernel: signal: max sigframe size: 1776
May 25 15:04:44 pve-02 kernel: Estimated ratio of average max frequency by base frequency (times 1024): 1086
May 25 15:04:44 pve-02 kernel: rcu: Hierarchical SRCU implementation.
May 25 15:04:44 pve-02 kernel: rcu:         Max phase no-delay instances is 400.
May 25 15:04:44 pve-02 kernel: NMI watchdog: Enabled. Permanently consumes one hw-PMU counter.
May 25 15:04:44 pve-02 kernel: smp: Bringing up secondary CPUs ...
May 25 15:04:44 pve-02 kernel: smpboot: x86: Booting SMP configuration:
May 25 15:04:44 pve-02 kernel: .... node  #0, CPUs:      #1 #2 #3
May 25 15:04:44 pve-02 kernel: smp: Brought up 1 node, 4 CPUs
May 25 15:04:44 pve-02 kernel: smpboot: Max logical packages: 1
May 25 15:04:44 pve-02 kernel: smpboot: Total of 4 processors activated (26338.71 BogoMIPS)
May 25 15:04:44 pve-02 kernel: devtmpfs: initialized
May 25 15:04:44 pve-02 kernel: x86/mm: Memory block size: 128MB
May 25 15:04:44 pve-02 kernel: ACPI: PM: Registering ACPI NVS region [mem 0xd13e0000-0xd13e6fff] (28672 bytes)
May 25 15:04:44 pve-02 kernel: ACPI: PM: Registering ACPI NVS region [mem 0xda71c000-0xda7fffff] (933888 bytes)
May 25 15:04:44 pve-02 kernel: clocksource: jiffies: mask: 0xffffffff max_cycles: 0xffffffff, max_idle_ns: 1911260446275000 ns
May 25 15:04:44 pve-02 kernel: futex hash table entries: 1024 (order: 4, 65536 bytes, linear)
May 25 15:04:44 pve-02 kernel: pinctrl core: initialized pinctrl subsystem
May 25 15:04:44 pve-02 kernel: PM: RTC time: 13:04:41, date: 2025-05-25
May 25 15:04:44 pve-02 kernel: NET: Registered PF_NETLINK/PF_ROUTE protocol family
May 25 15:04:44 pve-02 kernel: DMA: preallocated 4096 KiB GFP_KERNEL pool for atomic allocations
May 25 15:04:44 pve-02 kernel: DMA: preallocated 4096 KiB GFP_KERNEL|GFP_DMA pool for atomic allocations
May 25 15:04:44 pve-02 kernel: DMA: preallocated 4096 KiB GFP_KERNEL|GFP_DMA32 pool for atomic allocations
May 25 15:04:44 pve-02 kernel: audit: initializing netlink subsys (disabled)
May 25 15:04:44 pve-02 kernel: audit: type=2000 audit(1748178281.134:1): state=initialized audit_enabled=0 res=1
May 25 15:04:44 pve-02 kernel: thermal_sys: Registered thermal governor 'fair_share'
May 25 15:04:44 pve-02 kernel: thermal_sys: Registered thermal governor 'bang_bang'
May 25 15:04:44 pve-02 kernel: thermal_sys: Registered thermal governor 'step_wise'
May 25 15:04:44 pve-02 kernel: thermal_sys: Registered thermal governor 'user_space'
May 25 15:04:44 pve-02 kernel: thermal_sys: Registered thermal governor 'power_allocator'
May 25 15:04:44 pve-02 kernel: EISA bus registered
May 25 15:04:44 pve-02 kernel: cpuidle: using governor ladder
May 25 15:04:44 pve-02 kernel: cpuidle: using governor menu
May 25 15:04:44 pve-02 kernel: acpiphp: ACPI Hot Plug PCI Controller Driver version: 0.5
May 25 15:04:44 pve-02 kernel: PCI: ECAM [mem 0xf8000000-0xfbffffff] (base 0xf8000000) for domain 0000 [bus 00-3f]
May 25 15:04:44 pve-02 kernel: PCI: not using ECAM ([mem 0xf8000000-0xfbffffff] not reserved)
May 25 15:04:44 pve-02 kernel: PCI: Using configuration type 1 for base access
May 25 15:04:44 pve-02 kernel: core: PMU erratum BJ122, BV98, HSD29 workaround disabled, HT off
May 25 15:04:44 pve-02 kernel: kprobes: kprobe jump-optimization is enabled. All kprobes are optimized if possible.
May 25 15:04:44 pve-02 kernel: HugeTLB: registered 1.00 GiB page size, pre-allocated 0 pages
May 25 15:04:44 pve-02 kernel: HugeTLB: 16380 KiB vmemmap can be freed for a 1.00 GiB page
May 25 15:04:44 pve-02 kernel: HugeTLB: registered 2.00 MiB page size, pre-allocated 0 pages
May 25 15:04:44 pve-02 kernel: HugeTLB: 28 KiB vmemmap can be freed for a 2.00 MiB page
May 25 15:04:44 pve-02 kernel: ACPI: Added _OSI(Module Device)
May 25 15:04:44 pve-02 kernel: ACPI: Added _OSI(Processor Device)
May 25 15:04:44 pve-02 kernel: ACPI: Added _OSI(3.0 _SCP Extensions)
May 25 15:04:44 pve-02 kernel: ACPI: Added _OSI(Processor Aggregator Device)
May 25 15:04:44 pve-02 kernel: ACPI: 6 ACPI AML tables successfully acquired and loaded
May 25 15:04:44 pve-02 kernel: ACPI: [Firmware Bug]: BIOS _OSI(Linux) query ignored
May 25 15:04:44 pve-02 kernel: ACPI: Dynamic OEM Table Load:
May 25 15:04:44 pve-02 kernel: ACPI: SSDT 0xFFFF9A1700275C00 0003D3 (v01 PmRef  Cpu0Cst  00003001 INTL 20120711)
May 25 15:04:44 pve-02 kernel: ACPI: Dynamic OEM Table Load:
May 25 15:04:44 pve-02 kernel: ACPI: SSDT 0xFFFF9A1701C19800 0005AA (v01 PmRef  ApIst    00003000 INTL 20120711)
May 25 15:04:44 pve-02 kernel: ACPI: Dynamic OEM Table Load:
May 25 15:04:44 pve-02 kernel: ACPI: SSDT 0xFFFF9A17002D0800 000119 (v01 PmRef  ApCst    00003000 INTL 20120711)
May 25 15:04:44 pve-02 kernel: ACPI: _OSC evaluated successfully for all CPUs
May 25 15:04:44 pve-02 kernel: ACPI: Interpreter enabled
May 25 15:04:44 pve-02 kernel: ACPI: PM: (supports S0 S3 S4 S5)
May 25 15:04:44 pve-02 kernel: ACPI: Using IOAPIC for interrupt routing
May 25 15:04:44 pve-02 kernel: PCI: ECAM [mem 0xf8000000-0xfbffffff] (base 0xf8000000) for domain 0000 [bus 00-3f]
May 25 15:04:44 pve-02 kernel: PCI: ECAM [mem 0xf8000000-0xfbffffff] reserved as ACPI motherboard resource
May 25 15:04:44 pve-02 kernel: PCI: Using host bridge windows from ACPI; if necessary, use "pci=nocrs" and report a bug
May 25 15:04:44 pve-02 kernel: PCI: Using E820 reservations for host bridge windows
May 25 15:04:44 pve-02 kernel: ACPI: Enabled 8 GPEs in block 00 to 3F
May 25 15:04:44 pve-02 kernel: ACPI: PCI Root Bridge [PCI0] (domain 0000 [bus 00-3e])
May 25 15:04:44 pve-02 kernel: acpi PNP0A08:00: _OSC: OS supports [ExtendedConfig ASPM ClockPM Segments MSI EDR HPX-Type3]
May 25 15:04:44 pve-02 kernel: acpi PNP0A08:00: _OSC: OS now controls [PCIeHotplug SHPCHotplug PME AER PCIeCapability LTR DPC]
May 25 15:04:44 pve-02 kernel: PCI host bridge to bus 0000:00
May 25 15:04:44 pve-02 kernel: pci_bus 0000:00: root bus resource [io  0x0000-0x0cf7 window]
May 25 15:04:44 pve-02 kernel: pci_bus 0000:00: root bus resource [io  0x0d00-0xffff window]
May 25 15:04:44 pve-02 kernel: pci_bus 0000:00: root bus resource [mem 0x000a0000-0x000bffff window]
May 25 15:04:44 pve-02 kernel: pci_bus 0000:00: root bus resource [mem 0x000d4000-0x000dffff window]
May 25 15:04:44 pve-02 kernel: pci_bus 0000:00: root bus resource [mem 0xdf200000-0xfeafffff window]
May 25 15:04:44 pve-02 kernel: pci_bus 0000:00: root bus resource [bus 00-3e]
May 25 15:04:44 pve-02 kernel: pci 0000:00:00.0: [8086:0c00] type 00 class 0x060000 conventional PCI endpoint
May 25 15:04:44 pve-02 kernel: pci 0000:00:02.0: [8086:0412] type 00 class 0x030000 conventional PCI endpoint
May 25 15:04:44 pve-02 kernel: pci 0000:00:02.0: BAR 0 [mem 0xf7800000-0xf7bfffff 64bit]
May 25 15:04:44 pve-02 kernel: pci 0000:00:02.0: BAR 2 [mem 0xe0000000-0xefffffff 64bit pref]
May 25 15:04:44 pve-02 kernel: pci 0000:00:02.0: BAR 4 [io  0xf000-0xf03f]
May 25 15:04:44 pve-02 kernel: pci 0000:00:02.0: Video device with shadowed ROM at [mem 0x000c0000-0x000dffff]
May 25 15:04:44 pve-02 kernel: pci 0000:00:03.0: [8086:0c0c] type 00 class 0x040300 PCIe Root Complex Integrated Endpoint
May 25 15:04:44 pve-02 kernel: pci 0000:00:03.0: BAR 0 [mem 0xf7c34000-0xf7c37fff 64bit]
May 25 15:04:44 pve-02 kernel: pci 0000:00:14.0: [8086:8c31] type 00 class 0x0c0330 conventional PCI endpoint
May 25 15:04:44 pve-02 kernel: pci 0000:00:14.0: BAR 0 [mem 0xf7c20000-0xf7c2ffff 64bit]
May 25 15:04:44 pve-02 kernel: pci 0000:00:14.0: PME# supported from D3hot D3cold
May 25 15:04:44 pve-02 kernel: pci 0000:00:16.0: [8086:8c3a] type 00 class 0x078000 conventional PCI endpoint
May 25 15:04:44 pve-02 kernel: pci 0000:00:16.0: BAR 0 [mem 0xf7c40000-0xf7c4000f 64bit]
May 25 15:04:44 pve-02 kernel: pci 0000:00:16.0: PME# supported from D0 D3hot D3cold
May 25 15:04:44 pve-02 kernel: pci 0000:00:16.3: [8086:8c3d] type 00 class 0x070002 conventional PCI endpoint
May 25 15:04:44 pve-02 kernel: pci 0000:00:16.3: BAR 0 [io  0xf0e0-0xf0e7]
May 25 15:04:44 pve-02 kernel: pci 0000:00:16.3: BAR 1 [mem 0xf7c3e000-0xf7c3efff]
May 25 15:04:44 pve-02 kernel: pci 0000:00:19.0: [8086:153a] type 00 class 0x020000 conventional PCI endpoint
May 25 15:04:44 pve-02 kernel: pci 0000:00:19.0: BAR 0 [mem 0xf7c00000-0xf7c1ffff]
May 25 15:04:44 pve-02 kernel: pci 0000:00:19.0: BAR 1 [mem 0xf7c3d000-0xf7c3dfff]
May 25 15:04:44 pve-02 kernel: pci 0000:00:19.0: BAR 2 [io  0xf080-0xf09f]
May 25 15:04:44 pve-02 kernel: pci 0000:00:19.0: PME# supported from D0 D3hot D3cold
May 25 15:04:44 pve-02 kernel: pci 0000:00:1a.0: [8086:8c2d] type 00 class 0x0c0320 conventional PCI endpoint
May 25 15:04:44 pve-02 kernel: pci 0000:00:1a.0: BAR 0 [mem 0xf7c3c000-0xf7c3c3ff]
May 25 15:04:44 pve-02 kernel: pci 0000:00:1a.0: PME# supported from D0 D3hot D3cold
May 25 15:04:44 pve-02 kernel: pci 0000:00:1b.0: [8086:8c20] type 00 class 0x040300 PCIe Root Complex Integrated Endpoint
May 25 15:04:44 pve-02 kernel: pci 0000:00:1b.0: BAR 0 [mem 0xf7c30000-0xf7c33fff 64bit]
May 25 15:04:44 pve-02 kernel: pci 0000:00:1b.0: PME# supported from D0 D3hot D3cold
May 25 15:04:44 pve-02 kernel: pci 0000:00:1c.0: [8086:8c10] type 01 class 0x060400 PCIe Root Port
May 25 15:04:44 pve-02 kernel: pci 0000:00:1c.0: PCI bridge to [bus 01]
May 25 15:04:44 pve-02 kernel: pci 0000:00:1c.0: PME# supported from D0 D3hot D3cold
May 25 15:04:44 pve-02 kernel: pci 0000:00:1c.0: Enabling MPC IRBNCE
May 25 15:04:44 pve-02 kernel: pci 0000:00:1c.0: Intel PCH root port ACS workaround enabled
May 25 15:04:44 pve-02 kernel: pci 0000:00:1c.1: [8086:8c12] type 01 class 0x060400 PCIe Root Port
May 25 15:04:44 pve-02 kernel: pci 0000:00:1c.1: PCI bridge to [bus 02-03]
May 25 15:04:44 pve-02 kernel: pci 0000:00:1c.1: PME# supported from D0 D3hot D3cold
May 25 15:04:44 pve-02 kernel: pci 0000:00:1c.1: Enabling MPC IRBNCE
May 25 15:04:44 pve-02 kernel: pci 0000:00:1c.1: Intel PCH root port ACS workaround enabled
May 25 15:04:44 pve-02 kernel: pci 0000:00:1d.0: [8086:8c26] type 00 class 0x0c0320 conventional PCI endpoint
May 25 15:04:44 pve-02 kernel: pci 0000:00:1d.0: BAR 0 [mem 0xf7c3b000-0xf7c3b3ff]
May 25 15:04:44 pve-02 kernel: pci 0000:00:1d.0: PME# supported from D0 D3hot D3cold
May 25 15:04:44 pve-02 kernel: pci 0000:00:1f.0: [8086:8c4e] type 00 class 0x060100 conventional PCI endpoint
May 25 15:04:44 pve-02 kernel: pci 0000:00:1f.2: [8086:8c02] type 00 class 0x010601 conventional PCI endpoint
May 25 15:04:44 pve-02 kernel: pci 0000:00:1f.2: BAR 0 [io  0xf0d0-0xf0d7]
May 25 15:04:44 pve-02 kernel: pci 0000:00:1f.2: BAR 1 [io  0xf0c0-0xf0c3]
May 25 15:04:44 pve-02 kernel: pci 0000:00:1f.2: BAR 2 [io  0xf0b0-0xf0b7]
May 25 15:04:44 pve-02 kernel: pci 0000:00:1f.2: BAR 3 [io  0xf0a0-0xf0a3]
May 25 15:04:44 pve-02 kernel: pci 0000:00:1f.2: BAR 4 [io  0xf060-0xf07f]
May 25 15:04:44 pve-02 kernel: pci 0000:00:1f.2: BAR 5 [mem 0xf7c3a000-0xf7c3a7ff]
May 25 15:04:44 pve-02 kernel: pci 0000:00:1f.2: PME# supported from D3hot
May 25 15:04:44 pve-02 kernel: pci 0000:00:1f.3: [8086:8c22] type 00 class 0x0c0500 conventional PCI endpoint
May 25 15:04:44 pve-02 kernel: pci 0000:00:1f.3: BAR 0 [mem 0xf7c39000-0xf7c390ff 64bit]
May 25 15:04:44 pve-02 kernel: pci 0000:00:1f.3: BAR 4 [io  0xf040-0xf05f]
May 25 15:04:44 pve-02 kernel: acpiphp: Slot [1] registered
May 25 15:04:44 pve-02 kernel: pci 0000:00:1c.0: PCI bridge to [bus 01]
May 25 15:04:44 pve-02 kernel: pci 0000:02:00.0: [104c:8240] type 01 class 0x060400 PCIe to PCI/PCI-X bridge
May 25 15:04:44 pve-02 kernel: pci 0000:02:00.0: PCI bridge to [bus 03]
May 25 15:04:44 pve-02 kernel: pci 0000:02:00.0: supports D1 D2
May 25 15:04:44 pve-02 kernel: pci 0000:00:1c.1: PCI bridge to [bus 02-03]
May 25 15:04:44 pve-02 kernel: pci_bus 0000:03: extended config space not accessible
May 25 15:04:44 pve-02 kernel: pci 0000:02:00.0: PCI bridge to [bus 03]
May 25 15:04:44 pve-02 kernel: ACPI: PCI: Interrupt link LNKA configured for IRQ 11
May 25 15:04:44 pve-02 kernel: ACPI: PCI: Interrupt link LNKB configured for IRQ 11
May 25 15:04:44 pve-02 kernel: ACPI: PCI: Interrupt link LNKC configured for IRQ 5
May 25 15:04:44 pve-02 kernel: ACPI: PCI: Interrupt link LNKD configured for IRQ 10
May 25 15:04:44 pve-02 kernel: ACPI: PCI: Interrupt link LNKE configured for IRQ 5
May 25 15:04:44 pve-02 kernel: ACPI: PCI: Interrupt link LNKF configured for IRQ 0
May 25 15:04:44 pve-02 kernel: ACPI: PCI: Interrupt link LNKF disabled
May 25 15:04:44 pve-02 kernel: ACPI: PCI: Interrupt link LNKG configured for IRQ 3
May 25 15:04:44 pve-02 kernel: ACPI: PCI: Interrupt link LNKH configured for IRQ 10
May 25 15:04:44 pve-02 kernel: iommu: Default domain type: Translated
May 25 15:04:44 pve-02 kernel: iommu: DMA domain TLB invalidation policy: lazy mode
May 25 15:04:44 pve-02 kernel: SCSI subsystem initialized
May 25 15:04:44 pve-02 kernel: libata version 3.00 loaded.
May 25 15:04:44 pve-02 kernel: ACPI: bus type USB registered
May 25 15:04:44 pve-02 kernel: usbcore: registered new interface driver usbfs
May 25 15:04:44 pve-02 kernel: usbcore: registered new interface driver hub
May 25 15:04:44 pve-02 kernel: usbcore: registered new device driver usb
May 25 15:04:44 pve-02 kernel: pps_core: LinuxPPS API ver. 1 registered
May 25 15:04:44 pve-02 kernel: pps_core: Software ver. 5.3.6 - Copyright 2005-2007 Rodolfo Giometti <giometti@linux.it>
May 25 15:04:44 pve-02 kernel: PTP clock support registered
May 25 15:04:44 pve-02 kernel: EDAC MC: Ver: 3.0.0
May 25 15:04:44 pve-02 kernel: efivars: Registered efivars operations
May 25 15:04:44 pve-02 kernel: NetLabel: Initializing
May 25 15:04:44 pve-02 kernel: NetLabel:  domain hash size = 128
May 25 15:04:44 pve-02 kernel: NetLabel:  protocols = UNLABELED CIPSOv4 CALIPSO
May 25 15:04:44 pve-02 kernel: NetLabel:  unlabeled traffic allowed by default
May 25 15:04:44 pve-02 kernel: mctp: management component transport protocol core
May 25 15:04:44 pve-02 kernel: NET: Registered PF_MCTP protocol family
May 25 15:04:44 pve-02 kernel: PCI: Using ACPI for IRQ routing
May 25 15:04:44 pve-02 kernel: PCI: pci_cache_line_size set to 64 bytes
May 25 15:04:44 pve-02 kernel: e820: reserve RAM buffer [mem 0x00058000-0x0005ffff]
May 25 15:04:44 pve-02 kernel: e820: reserve RAM buffer [mem 0x0009f000-0x0009ffff]
May 25 15:04:44 pve-02 kernel: e820: reserve RAM buffer [mem 0xd03c2000-0xd3ffffff]
May 25 15:04:44 pve-02 kernel: e820: reserve RAM buffer [mem 0xd13e0000-0xd3ffffff]
May 25 15:04:44 pve-02 kernel: e820: reserve RAM buffer [mem 0xd181d000-0xd3ffffff]
May 25 15:04:44 pve-02 kernel: e820: reserve RAM buffer [mem 0xd7eea000-0xd7ffffff]
May 25 15:04:44 pve-02 kernel: e820: reserve RAM buffer [mem 0xd875f000-0xdbffffff]
May 25 15:04:44 pve-02 kernel: e820: reserve RAM buffer [mem 0xd8fae000-0xdbffffff]
May 25 15:04:44 pve-02 kernel: e820: reserve RAM buffer [mem 0xda71c000-0xdbffffff]
May 25 15:04:44 pve-02 kernel: e820: reserve RAM buffer [mem 0xdbb4c000-0xdbffffff]
May 25 15:04:44 pve-02 kernel: e820: reserve RAM buffer [mem 0x61ee00000-0x61fffffff]
May 25 15:04:44 pve-02 kernel: pci 0000:00:02.0: vgaarb: setting as boot VGA device
May 25 15:04:44 pve-02 kernel: pci 0000:00:02.0: vgaarb: bridge control possible
May 25 15:04:44 pve-02 kernel: pci 0000:00:02.0: vgaarb: VGA device added: decodes=io+mem,owns=io+mem,locks=none
May 25 15:04:44 pve-02 kernel: vgaarb: loaded
May 25 15:04:44 pve-02 kernel: hpet0: at MMIO 0xfed00000, IRQs 2, 8, 0, 0, 0, 0, 0, 0
May 25 15:04:44 pve-02 kernel: hpet0: 8 comparators, 64-bit 14.318180 MHz counter
May 25 15:04:44 pve-02 kernel: clocksource: Switched to clocksource tsc-early
May 25 15:04:44 pve-02 kernel: VFS: Disk quotas dquot_6.6.0
May 25 15:04:44 pve-02 kernel: VFS: Dquot-cache hash table entries: 512 (order 0, 4096 bytes)
May 25 15:04:44 pve-02 kernel: AppArmor: AppArmor Filesystem Enabled
May 25 15:04:44 pve-02 kernel: pnp: PnP ACPI init
May 25 15:04:44 pve-02 kernel: system 00:00: [mem 0xfed40000-0xfed44fff] has been reserved
May 25 15:04:44 pve-02 kernel: system 00:01: [io  0x0680-0x069f] has been reserved
May 25 15:04:44 pve-02 kernel: system 00:01: [io  0xffff] has been reserved
May 25 15:04:44 pve-02 kernel: system 00:01: [io  0xffff] has been reserved
May 25 15:04:44 pve-02 kernel: system 00:01: [io  0xffff] has been reserved
May 25 15:04:44 pve-02 kernel: system 00:01: [io  0x1c00-0x1cfe] has been reserved
May 25 15:04:44 pve-02 kernel: system 00:01: [io  0x1d00-0x1dfe] has been reserved
May 25 15:04:44 pve-02 kernel: system 00:01: [io  0x1e00-0x1efe] has been reserved
May 25 15:04:44 pve-02 kernel: system 00:01: [io  0x1f00-0x1ffe] has been reserved
May 25 15:04:44 pve-02 kernel: system 00:01: [io  0x1800-0x18fe] has been reserved
May 25 15:04:44 pve-02 kernel: system 00:01: [io  0x164e-0x164f] has been reserved
May 25 15:04:44 pve-02 kernel: system 00:03: [io  0x1854-0x1857] has been reserved
May 25 15:04:44 pve-02 kernel: system 00:04: [io  0x0a00-0x0a0f] has been reserved
May 25 15:04:44 pve-02 kernel: system 00:05: [io  0x04d0-0x04d1] has been reserved
May 25 15:04:44 pve-02 kernel: pnp 00:06: [dma 0 disabled]
May 25 15:04:44 pve-02 kernel: system 00:07: [mem 0xfed1c000-0xfed1ffff] has been reserved
May 25 15:04:44 pve-02 kernel: system 00:07: [mem 0xfed10000-0xfed17fff] has been reserved
May 25 15:04:44 pve-02 kernel: system 00:07: [mem 0xfed18000-0xfed18fff] has been reserved
May 25 15:04:44 pve-02 kernel: system 00:07: [mem 0xfed19000-0xfed19fff] has been reserved
May 25 15:04:44 pve-02 kernel: system 00:07: [mem 0xf8000000-0xfbffffff] has been reserved
May 25 15:04:44 pve-02 kernel: system 00:07: [mem 0xfed20000-0xfed3ffff] has been reserved
May 25 15:04:44 pve-02 kernel: system 00:07: [mem 0xfed90000-0xfed93fff] could not be reserved
May 25 15:04:44 pve-02 kernel: system 00:07: [mem 0xfed45000-0xfed8ffff] has been reserved
May 25 15:04:44 pve-02 kernel: system 00:07: [mem 0xff000000-0xffffffff] has been reserved
May 25 15:04:44 pve-02 kernel: system 00:07: [mem 0xfee00000-0xfeefffff] could not be reserved
May 25 15:04:44 pve-02 kernel: system 00:07: [mem 0xf7fee000-0xf7feefff] has been reserved
May 25 15:04:44 pve-02 kernel: system 00:07: [mem 0xf7fd0000-0xf7fdffff] has been reserved
May 25 15:04:44 pve-02 kernel: pnp: PnP ACPI: found 8 devices
May 25 15:04:44 pve-02 kernel: clocksource: acpi_pm: mask: 0xffffff max_cycles: 0xffffff, max_idle_ns: 2085701024 ns
May 25 15:04:44 pve-02 kernel: NET: Registered PF_INET protocol family
May 25 15:04:44 pve-02 kernel: IP idents hash table entries: 262144 (order: 9, 2097152 bytes, linear)
May 25 15:04:44 pve-02 kernel: tcp_listen_portaddr_hash hash table entries: 16384 (order: 6, 262144 bytes, linear)
May 25 15:04:44 pve-02 kernel: Table-perturb hash table entries: 65536 (order: 6, 262144 bytes, linear)
May 25 15:04:44 pve-02 kernel: TCP established hash table entries: 262144 (order: 9, 2097152 bytes, linear)
May 25 15:04:44 pve-02 kernel: TCP bind hash table entries: 65536 (order: 9, 2097152 bytes, linear)
May 25 15:04:44 pve-02 kernel: TCP: Hash tables configured (established 262144 bind 65536)
May 25 15:04:44 pve-02 kernel: MPTCP token hash table entries: 32768 (order: 7, 786432 bytes, linear)
May 25 15:04:44 pve-02 kernel: UDP hash table entries: 16384 (order: 7, 524288 bytes, linear)
May 25 15:04:44 pve-02 kernel: UDP-Lite hash table entries: 16384 (order: 7, 524288 bytes, linear)
May 25 15:04:44 pve-02 kernel: NET: Registered PF_UNIX/PF_LOCAL protocol family
May 25 15:04:44 pve-02 kernel: NET: Registered PF_XDP protocol family
May 25 15:04:44 pve-02 kernel: pci 0000:00:1c.0: PCI bridge to [bus 01]
May 25 15:04:44 pve-02 kernel: pci 0000:02:00.0: PCI bridge to [bus 03]
May 25 15:04:44 pve-02 kernel: pci 0000:00:1c.1: PCI bridge to [bus 02-03]
May 25 15:04:44 pve-02 kernel: pci_bus 0000:00: resource 4 [io  0x0000-0x0cf7 window]
May 25 15:04:44 pve-02 kernel: pci_bus 0000:00: resource 5 [io  0x0d00-0xffff window]
May 25 15:04:44 pve-02 kernel: pci_bus 0000:00: resource 6 [mem 0x000a0000-0x000bffff window]
May 25 15:04:44 pve-02 kernel: pci_bus 0000:00: resource 7 [mem 0x000d4000-0x000dffff window]
May 25 15:04:44 pve-02 kernel: pci_bus 0000:00: resource 8 [mem 0xdf200000-0xfeafffff window]
May 25 15:04:44 pve-02 kernel: pci 0000:00:1a.0: quirk_usb_early_handoff+0x0/0x780 took 16046 usecs
May 25 15:04:44 pve-02 kernel: pci 0000:00:1d.0: quirk_usb_early_handoff+0x0/0x780 took 16580 usecs
May 25 15:04:44 pve-02 kernel: PCI: CLS 64 bytes, default 64
May 25 15:04:44 pve-02 kernel: DMAR: No ATSR found
May 25 15:04:44 pve-02 kernel: DMAR: No SATC found
May 25 15:04:44 pve-02 kernel: DMAR: IOMMU feature pgsel_inv inconsistent
May 25 15:04:44 pve-02 kernel: DMAR: IOMMU feature sc_support inconsistent
May 25 15:04:44 pve-02 kernel: DMAR: IOMMU feature pass_through inconsistent
May 25 15:04:44 pve-02 kernel: DMAR: dmar0: Using Queued invalidation
May 25 15:04:44 pve-02 kernel: DMAR: dmar1: Using Queued invalidation
May 25 15:04:44 pve-02 kernel: Trying to unpack rootfs image as initramfs...
May 25 15:04:44 pve-02 kernel: pci 0000:00:02.0: Adding to iommu group 0
May 25 15:04:44 pve-02 kernel: pci 0000:00:00.0: Adding to iommu group 1
May 25 15:04:44 pve-02 kernel: pci 0000:00:03.0: Adding to iommu group 2
May 25 15:04:44 pve-02 kernel: pci 0000:00:14.0: Adding to iommu group 3
May 25 15:04:44 pve-02 kernel: pci 0000:00:16.0: Adding to iommu group 4
May 25 15:04:44 pve-02 kernel: pci 0000:00:16.3: Adding to iommu group 4
May 25 15:04:44 pve-02 kernel: pci 0000:00:19.0: Adding to iommu group 5
May 25 15:04:44 pve-02 kernel: pci 0000:00:1a.0: Adding to iommu group 6
May 25 15:04:44 pve-02 kernel: pci 0000:00:1b.0: Adding to iommu group 7
May 25 15:04:44 pve-02 kernel: pci 0000:00:1c.0: Adding to iommu group 8
May 25 15:04:44 pve-02 kernel: pci 0000:00:1c.1: Adding to iommu group 9
May 25 15:04:44 pve-02 kernel: pci 0000:00:1d.0: Adding to iommu group 10
May 25 15:04:44 pve-02 kernel: pci 0000:00:1f.0: Adding to iommu group 11
May 25 15:04:44 pve-02 kernel: pci 0000:00:1f.2: Adding to iommu group 11
May 25 15:04:44 pve-02 kernel: pci 0000:00:1f.3: Adding to iommu group 11
May 25 15:04:44 pve-02 kernel: pci 0000:02:00.0: Adding to iommu group 12
May 25 15:04:44 pve-02 kernel: DMAR: Intel(R) Virtualization Technology for Directed I/O
May 25 15:04:44 pve-02 kernel: PCI-DMA: Using software bounce buffering for IO (SWIOTLB)
May 25 15:04:44 pve-02 kernel: software IO TLB: mapped [mem 0x00000000cafa7000-0x00000000cefa7000] (64MB)
May 25 15:04:44 pve-02 kernel: Initialise system trusted keyrings
May 25 15:04:44 pve-02 kernel: Key type blacklist registered
May 25 15:04:44 pve-02 kernel: workingset: timestamp_bits=36 max_order=23 bucket_order=0
May 25 15:04:44 pve-02 kernel: zbud: loaded
May 25 15:04:44 pve-02 kernel: squashfs: version 4.0 (2009/01/31) Phillip Lougher
May 25 15:04:44 pve-02 kernel: fuse: init (API version 7.39)
May 25 15:04:44 pve-02 kernel: integrity: Platform Keyring initialized
May 25 15:04:44 pve-02 kernel: integrity: Machine keyring initialized
May 25 15:04:44 pve-02 kernel: Key type asymmetric registered
May 25 15:04:44 pve-02 kernel: Asymmetric key parser 'x509' registered
May 25 15:04:44 pve-02 kernel: Block layer SCSI generic (bsg) driver version 0.4 loaded (major 243)
May 25 15:04:44 pve-02 kernel: io scheduler mq-deadline registered
May 25 15:04:44 pve-02 kernel: pcieport 0000:00:1c.0: PME: Signaling with IRQ 26
May 25 15:04:44 pve-02 kernel: pcieport 0000:00:1c.1: PME: Signaling with IRQ 27
May 25 15:04:44 pve-02 kernel: shpchp: Standard Hot Plug PCI Controller Driver version: 0.4
May 25 15:04:44 pve-02 kernel: input: Power Button as /devices/LNXSYSTM:00/LNXSYBUS:00/PNP0C0C:00/input/input0
May 25 15:04:44 pve-02 kernel: ACPI: button: Power Button [PWRB]
May 25 15:04:44 pve-02 kernel: input: Power Button as /devices/LNXSYSTM:00/LNXPWRBN:00/input/input1
May 25 15:04:44 pve-02 kernel: ACPI: button: Power Button [PWRF]
May 25 15:04:44 pve-02 kernel: ACPI: \_TZ_.TZ00: _AL0 evaluation failure
May 25 15:04:44 pve-02 kernel: thermal LNXTHERM:00: registered as thermal_zone0
May 25 15:04:44 pve-02 kernel: ACPI: thermal: Thermal Zone [TZ00] (28 C)
May 25 15:04:44 pve-02 kernel: thermal LNXTHERM:01: registered as thermal_zone1
May 25 15:04:44 pve-02 kernel: ACPI: thermal: Thermal Zone [TZ01] (30 C)
May 25 15:04:44 pve-02 kernel: Serial: 8250/16550 driver, 32 ports, IRQ sharing enabled
May 25 15:04:44 pve-02 kernel: 00:06: ttyS0 at I/O 0x3f8 (irq = 4, base_baud = 115200) is a 16550A
May 25 15:04:44 pve-02 kernel: serial 0000:00:16.3: enabling device (0000 -> 0003)
May 25 15:04:44 pve-02 kernel: 0000:00:16.3: ttyS4 at I/O 0xf0e0 (irq = 19, base_baud = 115200) is a 16550A
May 25 15:04:44 pve-02 kernel: Linux agpgart interface v0.103
May 25 15:04:44 pve-02 kernel: loop: module loaded
May 25 15:04:44 pve-02 kernel: ACPI: bus type drm_connector registered
May 25 15:04:44 pve-02 kernel: tun: Universal TUN/TAP device driver, 1.6
May 25 15:04:44 pve-02 kernel: PPP generic driver version 2.4.2
May 25 15:04:44 pve-02 kernel: i8042: PNP: No PS/2 controller found.
May 25 15:04:44 pve-02 kernel: mousedev: PS/2 mouse device common for all mice
May 25 15:04:44 pve-02 kernel: rtc_cmos 00:02: RTC can wake from S4
May 25 15:04:44 pve-02 kernel: rtc_cmos 00:02: registered as rtc0
May 25 15:04:44 pve-02 kernel: rtc_cmos 00:02: setting system clock to 2025-05-25T13:04:42 UTC (1748178282)
May 25 15:04:44 pve-02 kernel: rtc_cmos 00:02: alarms up to one month, y3k, 242 bytes nvram
May 25 15:04:44 pve-02 kernel: i2c_dev: i2c /dev entries driver
May 25 15:04:44 pve-02 kernel: device-mapper: core: CONFIG_IMA_DISABLE_HTABLE is disabled. Duplicate IMA measurements will not be recorded in the IMA log.
May 25 15:04:44 pve-02 kernel: device-mapper: uevent: version 1.0.3
May 25 15:04:44 pve-02 kernel: device-mapper: ioctl: 4.48.0-ioctl (2023-03-01) initialised: dm-devel@redhat.com
May 25 15:04:44 pve-02 kernel: platform eisa.0: Probing EISA bus 0
May 25 15:04:44 pve-02 kernel: platform eisa.0: EISA: Cannot allocate resource for mainboard
May 25 15:04:44 pve-02 kernel: platform eisa.0: Cannot allocate resource for EISA slot 1
May 25 15:04:44 pve-02 kernel: platform eisa.0: Cannot allocate resource for EISA slot 2
May 25 15:04:44 pve-02 kernel: platform eisa.0: Cannot allocate resource for EISA slot 3
May 25 15:04:44 pve-02 kernel: platform eisa.0: Cannot allocate resource for EISA slot 4
May 25 15:04:44 pve-02 kernel: platform eisa.0: Cannot allocate resource for EISA slot 5
May 25 15:04:44 pve-02 kernel: platform eisa.0: Cannot allocate resource for EISA slot 6
May 25 15:04:44 pve-02 kernel: platform eisa.0: Cannot allocate resource for EISA slot 7
May 25 15:04:44 pve-02 kernel: platform eisa.0: Cannot allocate resource for EISA slot 8
May 25 15:04:44 pve-02 kernel: platform eisa.0: EISA: Detected 0 cards
May 25 15:04:44 pve-02 kernel: intel_pstate: Intel P-state driver initializing
May 25 15:04:44 pve-02 kernel: ledtrig-cpu: registered to indicate activity on CPUs
May 25 15:04:44 pve-02 kernel: [drm] Initialized simpledrm 1.0.0 20200625 for simple-framebuffer.0 on minor 0
May 25 15:04:44 pve-02 kernel: fbcon: Deferring console take-over
May 25 15:04:44 pve-02 kernel: simple-framebuffer simple-framebuffer.0: [drm] fb0: simpledrmdrmfb frame buffer device
May 25 15:04:44 pve-02 kernel: drop_monitor: Initializing network drop monitor service
May 25 15:04:44 pve-02 kernel: NET: Registered PF_INET6 protocol family
May 25 15:04:44 pve-02 kernel: Freeing initrd memory: 59912K
May 25 15:04:44 pve-02 kernel: Segment Routing with IPv6
May 25 15:04:44 pve-02 kernel: In-situ OAM (IOAM) with IPv6
May 25 15:04:44 pve-02 kernel: NET: Registered PF_PACKET protocol family
May 25 15:04:44 pve-02 kernel: Bridge firewalling registered
May 25 15:04:44 pve-02 kernel: Key type dns_resolver registered
May 25 15:04:44 pve-02 kernel: ENERGY_PERF_BIAS: Set to 'normal', was 'performance'
May 25 15:04:44 pve-02 kernel: microcode: Current revision: 0x0000001c
May 25 15:04:44 pve-02 kernel: IPI shorthand broadcast: enabled
May 25 15:04:44 pve-02 kernel: sched_clock: Marking stable (711000928, 1225812)->(714032770, -1806030)
May 25 15:04:44 pve-02 kernel: registered taskstats version 1
May 25 15:04:44 pve-02 kernel: Loading compiled-in X.509 certificates
May 25 15:04:44 pve-02 kernel: Loaded X.509 cert 'Build time autogenerated kernel key: b8f410b4fef808523c2fa5d9d428466fea59b853'
May 25 15:04:44 pve-02 kernel: Key type .fscrypt registered
May 25 15:04:44 pve-02 kernel: Key type fscrypt-provisioning registered
May 25 15:04:44 pve-02 kernel: Key type encrypted registered
May 25 15:04:44 pve-02 kernel: AppArmor: AppArmor sha256 policy hashing enabled
May 25 15:04:44 pve-02 kernel: integrity: Loading X.509 certificate: UEFI:db
May 25 15:04:44 pve-02 kernel: integrity: Loaded X.509 cert 'Microsoft Windows Production PCA 2011: a92902398e16c49778cd90f99e4f9ae17c55af53'
May 25 15:04:44 pve-02 kernel: integrity: Loading X.509 certificate: UEFI:db
May 25 15:04:44 pve-02 kernel: integrity: Loaded X.509 cert 'Microsoft Corporation UEFI CA 2011: 13adbf4309bd82709c8cd54f316ed522988a1bd4'
May 25 15:04:44 pve-02 kernel: integrity: Revoking X.509 certificate: UEFI:dbx
May 25 15:04:44 pve-02 kernel: blacklist: Revoked X.509 cert 'Microsoft Windows PCA 2010: d14fa98a0708cef4241898e500fff3d6791d37bc'
May 25 15:04:44 pve-02 kernel: ima: No TPM chip found, activating TPM-bypass!
May 25 15:04:44 pve-02 kernel: Loading compiled-in module X.509 certificates
May 25 15:04:44 pve-02 kernel: Loaded X.509 cert 'Build time autogenerated kernel key: b8f410b4fef808523c2fa5d9d428466fea59b853'
May 25 15:04:44 pve-02 kernel: ima: Allocated hash algorithm: sha256
May 25 15:04:44 pve-02 kernel: ima: No architecture policies found
May 25 15:04:44 pve-02 kernel: evm: Initialising EVM extended attributes:
May 25 15:04:44 pve-02 kernel: evm: security.selinux
May 25 15:04:44 pve-02 kernel: evm: security.SMACK64
May 25 15:04:44 pve-02 kernel: evm: security.SMACK64EXEC
May 25 15:04:44 pve-02 kernel: evm: security.SMACK64TRANSMUTE
May 25 15:04:44 pve-02 kernel: evm: security.SMACK64MMAP
May 25 15:04:44 pve-02 kernel: evm: security.apparmor
May 25 15:04:44 pve-02 kernel: evm: security.ima
May 25 15:04:44 pve-02 kernel: evm: security.capability
May 25 15:04:44 pve-02 kernel: evm: HMAC attrs: 0x1
May 25 15:04:44 pve-02 kernel: PM:   Magic number: 9:763:79
May 25 15:04:44 pve-02 kernel: RAS: Correctable Errors collector initialized.
May 25 15:04:44 pve-02 kernel: clk: Disabling unused clocks
May 25 15:04:44 pve-02 kernel: Freeing unused decrypted memory: 2028K
May 25 15:04:44 pve-02 kernel: Freeing unused kernel image (initmem) memory: 4816K
May 25 15:04:44 pve-02 kernel: Write protecting the kernel read-only data: 34816k
May 25 15:04:44 pve-02 kernel: Freeing unused kernel image (rodata/data gap) memory: 868K
May 25 15:04:44 pve-02 kernel: x86/mm: Checked W+X mappings: passed, no W+X pages found.
May 25 15:04:44 pve-02 kernel: x86/mm: Checking user space page tables
May 25 15:04:44 pve-02 kernel: x86/mm: Checked W+X mappings: passed, no W+X pages found.
May 25 15:04:44 pve-02 kernel: Run /init as init process
May 25 15:04:44 pve-02 kernel:   with arguments:
May 25 15:04:44 pve-02 kernel:     /init
May 25 15:04:44 pve-02 kernel:   with environment:
May 25 15:04:44 pve-02 kernel:     HOME=/
May 25 15:04:44 pve-02 kernel:     TERM=linux
May 25 15:04:44 pve-02 kernel:     BOOT_IMAGE=/boot/vmlinuz-6.8.12-10-pve
May 25 15:04:44 pve-02 kernel: ACPI Warning: SystemIO range 0x0000000000001828-0x000000000000182F conflicts with OpRegion 0x0000000000001800-0x000000000000187F (\PMIO) (20230628/utaddress-204)
May 25 15:04:44 pve-02 kernel: ACPI: OSL: Resource conflict; ACPI support missing from driver?
May 25 15:04:44 pve-02 kernel: ACPI Warning: SystemIO range 0x0000000000001C40-0x0000000000001C4F conflicts with OpRegion 0x0000000000001C00-0x0000000000001FFF (\GPR) (20230628/utaddress-204)
May 25 15:04:44 pve-02 kernel: ACPI: OSL: Resource conflict; ACPI support missing from driver?
May 25 15:04:44 pve-02 kernel: ACPI Warning: SystemIO range 0x0000000000001C30-0x0000000000001C3F conflicts with OpRegion 0x0000000000001C00-0x0000000000001C3F (\GPRL) (20230628/utaddress-204)
May 25 15:04:44 pve-02 kernel: ACPI Warning: SystemIO range 0x0000000000001C30-0x0000000000001C3F conflicts with OpRegion 0x0000000000001C00-0x0000000000001FFF (\GPR) (20230628/utaddress-204)
May 25 15:04:44 pve-02 kernel: ACPI: OSL: Resource conflict; ACPI support missing from driver?
May 25 15:04:44 pve-02 kernel: ACPI Warning: SystemIO range 0x0000000000001C00-0x0000000000001C2F conflicts with OpRegion 0x0000000000001C00-0x0000000000001C3F (\GPRL) (20230628/utaddress-204)
May 25 15:04:44 pve-02 kernel: ACPI Warning: SystemIO range 0x0000000000001C00-0x0000000000001C2F conflicts with OpRegion 0x0000000000001C00-0x0000000000001FFF (\GPR) (20230628/utaddress-204)
May 25 15:04:44 pve-02 kernel: ACPI: OSL: Resource conflict; ACPI support missing from driver?
May 25 15:04:44 pve-02 kernel: lpc_ich: Resource conflict(s) found affecting gpio_ich
May 25 15:04:44 pve-02 kernel: ehci-pci 0000:00:1a.0: EHCI Host Controller
May 25 15:04:44 pve-02 kernel: ehci-pci 0000:00:1a.0: new USB bus registered, assigned bus number 1
May 25 15:04:44 pve-02 kernel: ehci-pci 0000:00:1a.0: debug port 2
May 25 15:04:44 pve-02 kernel: ahci 0000:00:1f.2: version 3.0
May 25 15:04:44 pve-02 kernel: ahci 0000:00:1f.2: AHCI 0001.0300 32 slots 6 ports 6 Gbps 0xf impl SATA mode
May 25 15:04:44 pve-02 kernel: ahci 0000:00:1f.2: flags: 64bit ncq pm led clo pio slum part ems apst 
May 25 15:04:44 pve-02 kernel: e1000e: Intel(R) PRO/1000 Network Driver
May 25 15:04:44 pve-02 kernel: e1000e: Copyright(c) 1999 - 2015 Intel Corporation.
May 25 15:04:44 pve-02 kernel: e1000e 0000:00:19.0: Interrupt Throttling Rate (ints/sec) set to dynamic conservative mode
May 25 15:04:44 pve-02 kernel: ehci-pci 0000:00:1a.0: irq 16, io mem 0xf7c3c000
May 25 15:04:44 pve-02 kernel: scsi host0: ahci
May 25 15:04:44 pve-02 kernel: scsi host1: ahci
May 25 15:04:44 pve-02 kernel: ehci-pci 0000:00:1a.0: USB 2.0 started, EHCI 1.00
May 25 15:04:44 pve-02 kernel: usb usb1: New USB device found, idVendor=1d6b, idProduct=0002, bcdDevice= 6.08
May 25 15:04:44 pve-02 kernel: usb usb1: New USB device strings: Mfr=3, Product=2, SerialNumber=1
May 25 15:04:44 pve-02 kernel: usb usb1: Product: EHCI Host Controller
May 25 15:04:44 pve-02 kernel: usb usb1: Manufacturer: Linux 6.8.12-10-pve ehci_hcd
May 25 15:04:44 pve-02 kernel: usb usb1: SerialNumber: 0000:00:1a.0
May 25 15:04:44 pve-02 kernel: hub 1-0:1.0: USB hub found
May 25 15:04:44 pve-02 kernel: hub 1-0:1.0: 3 ports detected
May 25 15:04:44 pve-02 kernel: ehci-pci 0000:00:1d.0: EHCI Host Controller
May 25 15:04:44 pve-02 kernel: ehci-pci 0000:00:1d.0: new USB bus registered, assigned bus number 2
May 25 15:04:44 pve-02 kernel: ehci-pci 0000:00:1d.0: debug port 2
May 25 15:04:44 pve-02 kernel: ehci-pci 0000:00:1d.0: irq 23, io mem 0xf7c3b000
May 25 15:04:44 pve-02 kernel: scsi host2: ahci
May 25 15:04:44 pve-02 kernel: scsi host3: ahci
May 25 15:04:44 pve-02 kernel: scsi host4: ahci
May 25 15:04:44 pve-02 kernel: scsi host5: ahci
May 25 15:04:44 pve-02 kernel: ata1: SATA max UDMA/133 abar m2048@0xf7c3a000 port 0xf7c3a100 irq 28 lpm-pol 0
May 25 15:04:44 pve-02 kernel: ata2: SATA max UDMA/133 abar m2048@0xf7c3a000 port 0xf7c3a180 irq 28 lpm-pol 0
May 25 15:04:44 pve-02 kernel: ata3: SATA max UDMA/133 abar m2048@0xf7c3a000 port 0xf7c3a200 irq 28 lpm-pol 0
May 25 15:04:44 pve-02 kernel: ata4: SATA max UDMA/133 abar m2048@0xf7c3a000 port 0xf7c3a280 irq 28 lpm-pol 0
May 25 15:04:44 pve-02 kernel: ata5: DUMMY
May 25 15:04:44 pve-02 kernel: ata6: DUMMY
May 25 15:04:44 pve-02 kernel: ehci-pci 0000:00:1d.0: USB 2.0 started, EHCI 1.00
May 25 15:04:44 pve-02 kernel: usb usb2: New USB device found, idVendor=1d6b, idProduct=0002, bcdDevice= 6.08
May 25 15:04:44 pve-02 kernel: usb usb2: New USB device strings: Mfr=3, Product=2, SerialNumber=1
May 25 15:04:44 pve-02 kernel: usb usb2: Product: EHCI Host Controller
May 25 15:04:44 pve-02 kernel: usb usb2: Manufacturer: Linux 6.8.12-10-pve ehci_hcd
May 25 15:04:44 pve-02 kernel: usb usb2: SerialNumber: 0000:00:1d.0
May 25 15:04:44 pve-02 kernel: hub 2-0:1.0: USB hub found
May 25 15:04:44 pve-02 kernel: hub 2-0:1.0: 3 ports detected
May 25 15:04:44 pve-02 kernel: e1000e 0000:00:19.0 0000:00:19.0 (uninitialized): registered PHC clock
May 25 15:04:44 pve-02 kernel: e1000e 0000:00:19.0 eth0: (PCI Express:2.5GT/s:Width x1) 64:00:6a:51:d4:3d
May 25 15:04:44 pve-02 kernel: e1000e 0000:00:19.0 eth0: Intel(R) PRO/1000 Network Connection
May 25 15:04:44 pve-02 kernel: e1000e 0000:00:19.0 eth0: MAC: 11, PHY: 12, PBA No: FFFFFF-0FF
May 25 15:04:44 pve-02 kernel: usb 1-1: new high-speed USB device number 2 using ehci-pci
May 25 15:04:44 pve-02 kernel: usb 2-1: new high-speed USB device number 2 using ehci-pci
May 25 15:04:44 pve-02 kernel: ata2: SATA link up 6.0 Gbps (SStatus 133 SControl 300)
May 25 15:04:44 pve-02 kernel: ata4: SATA link up 3.0 Gbps (SStatus 123 SControl 300)
May 25 15:04:44 pve-02 kernel: ata3: SATA link up 6.0 Gbps (SStatus 133 SControl 300)
May 25 15:04:44 pve-02 kernel: ata1: SATA link up 6.0 Gbps (SStatus 133 SControl 300)
May 25 15:04:44 pve-02 kernel: ata4.00: ATA-8: WDC WD6400AAKS-22A7B0, 01.03B01, max UDMA/133
May 25 15:04:44 pve-02 kernel: ata2.00: ATA-8: TOSHIBA DT01ACA200, MX4OABB0, max UDMA/133
May 25 15:04:44 pve-02 kernel: ata4.00: 1250263728 sectors, multi 16: LBA48 NCQ (depth 32), AA
May 25 15:04:44 pve-02 kernel: ata2.00: 3907029168 sectors, multi 16: LBA48 NCQ (depth 32), AA
May 25 15:04:44 pve-02 kernel: ata4.00: configured for UDMA/133
May 25 15:04:44 pve-02 kernel: ata2.00: configured for UDMA/133
May 25 15:04:44 pve-02 kernel: ata3.00: ATA-10: ADATA SU650, V8X01c45, max UDMA/133
May 25 15:04:44 pve-02 kernel: ata1.00: ATA-10: ST2000DM008-2UB102, 0001, max UDMA/133
May 25 15:04:44 pve-02 kernel: ata3.00: 234441648 sectors, multi 16: LBA48 NCQ (depth 32), AA
May 25 15:04:44 pve-02 kernel: ata1.00: 3907029168 sectors, multi 16: LBA48 NCQ (depth 32), AA
May 25 15:04:44 pve-02 kernel: usb 1-1: New USB device found, idVendor=8087, idProduct=8008, bcdDevice= 0.04
May 25 15:04:44 pve-02 kernel: usb 1-1: New USB device strings: Mfr=0, Product=0, SerialNumber=0
May 25 15:04:44 pve-02 kernel: hub 1-1:1.0: USB hub found
May 25 15:04:44 pve-02 kernel: hub 1-1:1.0: 6 ports detected
May 25 15:04:44 pve-02 kernel: usb 2-1: New USB device found, idVendor=8087, idProduct=8000, bcdDevice= 0.04
May 25 15:04:44 pve-02 kernel: usb 2-1: New USB device strings: Mfr=0, Product=0, SerialNumber=0
May 25 15:04:44 pve-02 kernel: hub 2-1:1.0: USB hub found
May 25 15:04:44 pve-02 kernel: hub 2-1:1.0: 8 ports detected
May 25 15:04:44 pve-02 kernel: ata3.00: configured for UDMA/133
May 25 15:04:44 pve-02 kernel: ata1.00: configured for UDMA/133
May 25 15:04:44 pve-02 kernel: scsi 0:0:0:0: Direct-Access     ATA      ST2000DM008-2UB1 0001 PQ: 0 ANSI: 5
May 25 15:04:44 pve-02 kernel: sd 0:0:0:0: Attached scsi generic sg0 type 0
May 25 15:04:44 pve-02 kernel: sd 0:0:0:0: [sda] 3907029168 512-byte logical blocks: (2.00 TB/1.82 TiB)
May 25 15:04:44 pve-02 kernel: sd 0:0:0:0: [sda] 4096-byte physical blocks
May 25 15:04:44 pve-02 kernel: sd 0:0:0:0: [sda] Write Protect is off
May 25 15:04:44 pve-02 kernel: sd 0:0:0:0: [sda] Mode Sense: 00 3a 00 00
May 25 15:04:44 pve-02 kernel: sd 0:0:0:0: [sda] Write cache: enabled, read cache: enabled, doesn't support DPO or FUA
May 25 15:04:44 pve-02 kernel: sd 0:0:0:0: [sda] Preferred minimum I/O size 4096 bytes
May 25 15:04:44 pve-02 kernel: scsi 1:0:0:0: Direct-Access     ATA      TOSHIBA DT01ACA2 ABB0 PQ: 0 ANSI: 5
May 25 15:04:44 pve-02 kernel: sd 1:0:0:0: Attached scsi generic sg1 type 0
May 25 15:04:44 pve-02 kernel: sd 1:0:0:0: [sdb] 3907029168 512-byte logical blocks: (2.00 TB/1.82 TiB)
May 25 15:04:44 pve-02 kernel: sd 1:0:0:0: [sdb] 4096-byte physical blocks
May 25 15:04:44 pve-02 kernel: sd 1:0:0:0: [sdb] Write Protect is off
May 25 15:04:44 pve-02 kernel: sd 1:0:0:0: [sdb] Mode Sense: 00 3a 00 00
May 25 15:04:44 pve-02 kernel: sd 1:0:0:0: [sdb] Write cache: enabled, read cache: enabled, doesn't support DPO or FUA
May 25 15:04:44 pve-02 kernel: scsi 2:0:0:0: Direct-Access     ATA      ADATA SU650      1c45 PQ: 0 ANSI: 5
May 25 15:04:44 pve-02 kernel: sd 1:0:0:0: [sdb] Preferred minimum I/O size 4096 bytes
May 25 15:04:44 pve-02 kernel: sd 2:0:0:0: Attached scsi generic sg2 type 0
May 25 15:04:44 pve-02 kernel: sd 2:0:0:0: [sdc] 234441648 512-byte logical blocks: (120 GB/112 GiB)
May 25 15:04:44 pve-02 kernel: sd 2:0:0:0: [sdc] Write Protect is off
May 25 15:04:44 pve-02 kernel: sd 2:0:0:0: [sdc] Mode Sense: 00 3a 00 00
May 25 15:04:44 pve-02 kernel: sd 2:0:0:0: [sdc] Write cache: enabled, read cache: enabled, doesn't support DPO or FUA
May 25 15:04:44 pve-02 kernel: sd 2:0:0:0: [sdc] Preferred minimum I/O size 512 bytes
May 25 15:04:44 pve-02 kernel: scsi 3:0:0:0: Direct-Access     ATA      WDC WD6400AAKS-2 3B01 PQ: 0 ANSI: 5
May 25 15:04:44 pve-02 kernel: sd 3:0:0:0: Attached scsi generic sg3 type 0
May 25 15:04:44 pve-02 kernel: sd 3:0:0:0: [sdd] 1250263728 512-byte logical blocks: (640 GB/596 GiB)
May 25 15:04:44 pve-02 kernel: sd 3:0:0:0: [sdd] Write Protect is off
May 25 15:04:44 pve-02 kernel: sd 3:0:0:0: [sdd] Mode Sense: 00 3a 00 00
May 25 15:04:44 pve-02 kernel: sd 3:0:0:0: [sdd] Write cache: enabled, read cache: enabled, doesn't support DPO or FUA
May 25 15:04:44 pve-02 kernel: sd 3:0:0:0: [sdd] Preferred minimum I/O size 512 bytes
May 25 15:04:44 pve-02 kernel:  sdc: sdc1 sdc2 sdc3
May 25 15:04:44 pve-02 kernel: sd 2:0:0:0: [sdc] Attached SCSI disk
May 25 15:04:44 pve-02 kernel:  sdd: sdd1
May 25 15:04:44 pve-02 kernel: sd 3:0:0:0: [sdd] Attached SCSI disk
May 25 15:04:44 pve-02 kernel:  sdb: sdb1 sdb9
May 25 15:04:44 pve-02 kernel: sd 1:0:0:0: [sdb] Attached SCSI disk
May 25 15:04:44 pve-02 kernel:  sda: sda1 sda9
May 25 15:04:44 pve-02 kernel: sd 0:0:0:0: [sda] Attached SCSI disk
May 25 15:04:44 pve-02 kernel: i801_smbus 0000:00:1f.3: SPD Write Disable is set
May 25 15:04:44 pve-02 kernel: i801_smbus 0000:00:1f.3: SMBus using PCI interrupt
May 25 15:04:44 pve-02 kernel: xhci_hcd 0000:00:14.0: xHCI Host Controller
May 25 15:04:44 pve-02 kernel: xhci_hcd 0000:00:14.0: new USB bus registered, assigned bus number 3
May 25 15:04:44 pve-02 kernel: xhci_hcd 0000:00:14.0: hcc params 0x200077c1 hci version 0x100 quirks 0x0000000000009810
May 25 15:04:44 pve-02 kernel: xhci_hcd 0000:00:14.0: xHCI Host Controller
May 25 15:04:44 pve-02 kernel: xhci_hcd 0000:00:14.0: new USB bus registered, assigned bus number 4
May 25 15:04:44 pve-02 kernel: xhci_hcd 0000:00:14.0: Host supports USB 3.0 SuperSpeed
May 25 15:04:44 pve-02 kernel: i2c i2c-0: 4/4 memory slots populated (from DMI)
May 25 15:04:44 pve-02 kernel: i2c i2c-0: Successfully instantiated SPD at 0x50
May 25 15:04:44 pve-02 kernel: i2c i2c-0: Successfully instantiated SPD at 0x51
May 25 15:04:44 pve-02 kernel: i2c i2c-0: Successfully instantiated SPD at 0x52
May 25 15:04:44 pve-02 kernel: usb usb3: New USB device found, idVendor=1d6b, idProduct=0002, bcdDevice= 6.08
May 25 15:04:44 pve-02 kernel: usb usb3: New USB device strings: Mfr=3, Product=2, SerialNumber=1
May 25 15:04:44 pve-02 kernel: usb usb3: Product: xHCI Host Controller
May 25 15:04:44 pve-02 kernel: usb usb3: Manufacturer: Linux 6.8.12-10-pve xhci-hcd
May 25 15:04:44 pve-02 kernel: usb usb3: SerialNumber: 0000:00:14.0
May 25 15:04:44 pve-02 kernel: i2c i2c-0: Successfully instantiated SPD at 0x53
May 25 15:04:44 pve-02 kernel: hub 3-0:1.0: USB hub found
May 25 15:04:44 pve-02 kernel: hub 3-0:1.0: 15 ports detected
May 25 15:04:44 pve-02 kernel: e1000e 0000:00:19.0 eno1: renamed from eth0
May 25 15:04:44 pve-02 kernel: usb usb4: New USB device found, idVendor=1d6b, idProduct=0003, bcdDevice= 6.08
May 25 15:04:44 pve-02 kernel: usb usb4: New USB device strings: Mfr=3, Product=2, SerialNumber=1
May 25 15:04:44 pve-02 kernel: usb usb4: Product: xHCI Host Controller
May 25 15:04:44 pve-02 kernel: usb usb4: Manufacturer: Linux 6.8.12-10-pve xhci-hcd
May 25 15:04:44 pve-02 kernel: usb usb4: SerialNumber: 0000:00:14.0
May 25 15:04:44 pve-02 kernel: hub 4-0:1.0: USB hub found
May 25 15:04:44 pve-02 kernel: hub 4-0:1.0: 6 ports detected
May 25 15:04:44 pve-02 kernel: tsc: Refined TSC clocksource calibration: 3292.375 MHz
May 25 15:04:44 pve-02 kernel: clocksource: tsc: mask: 0xffffffffffffffff max_cycles: 0x2f75298baf3, max_idle_ns: 440795322961 ns
May 25 15:04:44 pve-02 kernel: clocksource: Switched to clocksource tsc
May 25 15:04:44 pve-02 kernel: fbcon: Taking over console
May 25 15:04:44 pve-02 kernel: Console: switching to colour frame buffer device 128x48
May 25 15:04:44 pve-02 kernel: raid6: avx2x4   gen() 34930 MB/s
May 25 15:04:44 pve-02 kernel: raid6: avx2x2   gen() 34759 MB/s
May 25 15:04:44 pve-02 kernel: raid6: avx2x1   gen() 32000 MB/s
May 25 15:04:44 pve-02 kernel: raid6: using algorithm avx2x4 gen() 34930 MB/s
May 25 15:04:44 pve-02 kernel: raid6: .... xor() 12117 MB/s, rmw enabled
May 25 15:04:44 pve-02 kernel: raid6: using avx2x2 recovery algorithm
May 25 15:04:44 pve-02 kernel: xor: automatically using best checksumming function   avx       
May 25 15:04:44 pve-02 kernel: Btrfs loaded, zoned=yes, fsverity=yes
May 25 15:04:44 pve-02 kernel: EXT4-fs (dm-1): mounted filesystem 6f864c02-7fc8-4782-8ec3-82dad9e170ea ro with ordered data mode. Quota mode: none.
May 25 15:04:44 pve-02 systemd[1]: Inserted module 'autofs4'
May 25 15:04:44 pve-02 systemd[1]: systemd 252.36-1~deb12u1 running in system mode (+PAM +AUDIT +SELINUX +APPARMOR +IMA +SMACK +SECCOMP +GCRYPT -GNUTLS +OPENSSL +ACL +BLKID +CURL +ELFUTILS +FIDO2 +IDN2 -IDN +IPTC +KMOD +LIBCRYPTSETUP +LIBFDISK +PCRE2 -PWQUALITY +P11KIT +QRENCODE +TPM2 +BZIP2 +LZ4 +XZ +ZLIB +ZSTD -BPF_FRAMEWORK -XKBCOMMON +UTMP +SYSVINIT default-hierarchy=unified)
May 25 15:04:44 pve-02 systemd[1]: Detected architecture x86-64.
May 25 15:04:44 pve-02 systemd[1]: Hostname set to <pve-02>.
May 25 15:04:44 pve-02 systemd[1]: Queued start job for default target graphical.target.
May 25 15:04:44 pve-02 systemd[1]: Created slice system-getty.slice - Slice /system/getty.
May 25 15:04:44 pve-02 systemd[1]: Created slice system-modprobe.slice - Slice /system/modprobe.
May 25 15:04:44 pve-02 systemd[1]: Created slice system-postfix.slice - Slice /system/postfix.
May 25 15:04:44 pve-02 systemd[1]: Created slice system-systemd\x2dfsck.slice - Slice /system/systemd-fsck.
May 25 15:04:44 pve-02 systemd[1]: Created slice user.slice - User and Session Slice.
May 25 15:04:44 pve-02 systemd[1]: Started systemd-ask-password-console.path - Dispatch Password Requests to Console Directory Watch.
May 25 15:04:44 pve-02 systemd[1]: Started systemd-ask-password-wall.path - Forward Password Requests to Wall Directory Watch.
May 25 15:04:44 pve-02 systemd[1]: Set up automount proc-sys-fs-binfmt_misc.automount - Arbitrary Executable File Formats File System Automount Point.
May 25 15:04:44 pve-02 systemd[1]: Expecting device dev-disk-by\x2duuid-928D\x2d42BD.device - /dev/disk/by-uuid/928D-42BD...
May 25 15:04:44 pve-02 systemd[1]: Expecting device dev-pve-swap.device - /dev/pve/swap...
May 25 15:04:44 pve-02 systemd[1]: Reached target ceph-fuse.target - ceph target allowing to start/stop all ceph-fuse@.service instances at once.
May 25 15:04:44 pve-02 systemd[1]: Reached target ceph.target - ceph target allowing to start/stop all ceph*@.service instances at once.
May 25 15:04:44 pve-02 systemd[1]: Reached target cryptsetup.target - Local Encrypted Volumes.
May 25 15:04:44 pve-02 systemd[1]: Reached target integritysetup.target - Local Integrity Protected Volumes.
May 25 15:04:44 pve-02 systemd[1]: Reached target paths.target - Path Units.
May 25 15:04:44 pve-02 systemd[1]: Reached target slices.target - Slice Units.
May 25 15:04:44 pve-02 systemd[1]: Reached target time-set.target - System Time Set.
May 25 15:04:44 pve-02 systemd[1]: Reached target veritysetup.target - Local Verity Protected Volumes.
May 25 15:04:44 pve-02 systemd[1]: Listening on dm-event.socket - Device-mapper event daemon FIFOs.
May 25 15:04:44 pve-02 systemd[1]: Listening on lvm2-lvmpolld.socket - LVM2 poll daemon socket.
May 25 15:04:44 pve-02 systemd[1]: Listening on rpcbind.socket - RPCbind Server Activation Socket.
May 25 15:04:44 pve-02 systemd[1]: Listening on systemd-fsckd.socket - fsck to fsckd communication Socket.
May 25 15:04:44 pve-02 systemd[1]: Listening on systemd-initctl.socket - initctl Compatibility Named Pipe.
May 25 15:04:44 pve-02 systemd[1]: Listening on systemd-journald-audit.socket - Journal Audit Socket.
May 25 15:04:44 pve-02 systemd[1]: Listening on systemd-journald-dev-log.socket - Journal Socket (/dev/log).
May 25 15:04:44 pve-02 systemd[1]: Listening on systemd-journald.socket - Journal Socket.
May 25 15:04:44 pve-02 systemd[1]: Listening on systemd-udevd-control.socket - udev Control Socket.
May 25 15:04:44 pve-02 systemd[1]: Listening on systemd-udevd-kernel.socket - udev Kernel Socket.
May 25 15:04:44 pve-02 systemd[1]: Mounting dev-hugepages.mount - Huge Pages File System...
May 25 15:04:44 pve-02 systemd[1]: Mounting dev-mqueue.mount - POSIX Message Queue File System...
May 25 15:04:44 pve-02 systemd[1]: Mounting sys-kernel-debug.mount - Kernel Debug File System...
May 25 15:04:44 pve-02 systemd[1]: Mounting sys-kernel-tracing.mount - Kernel Trace File System...
May 25 15:04:44 pve-02 systemd[1]: auth-rpcgss-module.service - Kernel Module supporting RPCSEC_GSS was skipped because of an unmet condition check (ConditionPathExists=/etc/krb5.keytab).
May 25 15:04:44 pve-02 systemd[1]: Starting keyboard-setup.service - Set the console keyboard layout...
May 25 15:04:44 pve-02 systemd[1]: Starting kmod-static-nodes.service - Create List of Static Device Nodes...
May 25 15:04:44 pve-02 systemd[1]: Starting lvm2-monitor.service - Monitoring of LVM2 mirrors, snapshots etc. using dmeventd or progress polling...
May 25 15:04:44 pve-02 systemd[1]: Starting modprobe@configfs.service - Load Kernel Module configfs...
May 25 15:04:44 pve-02 systemd[1]: Starting modprobe@dm_mod.service - Load Kernel Module dm_mod...
May 25 15:04:44 pve-02 systemd[1]: Starting modprobe@drm.service - Load Kernel Module drm...
May 25 15:04:44 pve-02 systemd[1]: Starting modprobe@efi_pstore.service - Load Kernel Module efi_pstore...
May 25 15:04:44 pve-02 systemd[1]: Starting modprobe@fuse.service - Load Kernel Module fuse...
May 25 15:04:44 pve-02 systemd[1]: Starting modprobe@loop.service - Load Kernel Module loop...
May 25 15:04:44 pve-02 systemd[1]: systemd-fsck-root.service - File System Check on Root Device was skipped because of an unmet condition check (ConditionPathExists=!/run/initramfs/fsck-root).
May 25 15:04:44 pve-02 systemd[1]: Starting systemd-journald.service - Journal Service...
May 25 15:04:44 pve-02 kernel: pstore: Using crash dump compression: deflate
May 25 15:04:44 pve-02 systemd[1]: Starting systemd-modules-load.service - Load Kernel Modules...
May 25 15:04:44 pve-02 systemd[1]: Starting systemd-remount-fs.service - Remount Root and Kernel File Systems...
May 25 15:04:44 pve-02 kernel: pstore: Registered efi_pstore as persistent store backend
May 25 15:04:44 pve-02 systemd[1]: Starting systemd-udev-trigger.service - Coldplug All udev Devices...
May 25 15:04:44 pve-02 systemd[1]: Mounted dev-hugepages.mount - Huge Pages File System.
May 25 15:04:44 pve-02 systemd[1]: Mounted dev-mqueue.mount - POSIX Message Queue File System.
May 25 15:04:44 pve-02 systemd[1]: Mounted sys-kernel-debug.mount - Kernel Debug File System.
May 25 15:04:44 pve-02 systemd[1]: Mounted sys-kernel-tracing.mount - Kernel Trace File System.
May 25 15:04:44 pve-02 systemd[1]: Finished keyboard-setup.service - Set the console keyboard layout.
May 25 15:04:44 pve-02 systemd[1]: Finished kmod-static-nodes.service - Create List of Static Device Nodes.
May 25 15:04:44 pve-02 systemd[1]: modprobe@configfs.service: Deactivated successfully.
May 25 15:04:44 pve-02 systemd[1]: Finished modprobe@configfs.service - Load Kernel Module configfs.
May 25 15:04:44 pve-02 systemd[1]: modprobe@dm_mod.service: Deactivated successfully.
May 25 15:04:44 pve-02 systemd[1]: Finished modprobe@dm_mod.service - Load Kernel Module dm_mod.
May 25 15:04:44 pve-02 systemd[1]: modprobe@drm.service: Deactivated successfully.
May 25 15:04:44 pve-02 systemd[1]: Finished modprobe@drm.service - Load Kernel Module drm.
May 25 15:04:44 pve-02 systemd[1]: modprobe@efi_pstore.service: Deactivated successfully.
May 25 15:04:44 pve-02 systemd[1]: Finished modprobe@efi_pstore.service - Load Kernel Module efi_pstore.
May 25 15:04:44 pve-02 systemd[1]: modprobe@fuse.service: Deactivated successfully.
May 25 15:04:44 pve-02 systemd[1]: Finished modprobe@fuse.service - Load Kernel Module fuse.
May 25 15:04:44 pve-02 systemd[1]: modprobe@loop.service: Deactivated successfully.
May 25 15:04:44 pve-02 systemd[1]: Finished modprobe@loop.service - Load Kernel Module loop.
May 25 15:04:44 pve-02 systemd[1]: Mounting sys-fs-fuse-connections.mount - FUSE Control File System...
May 25 15:04:44 pve-02 systemd[1]: Mounting sys-kernel-config.mount - Kernel Configuration File System...
May 25 15:04:44 pve-02 systemd[1]: systemd-repart.service - Repartition Root Disk was skipped because no trigger condition checks were met.
May 25 15:04:44 pve-02 systemd[1]: Mounted sys-fs-fuse-connections.mount - FUSE Control File System.
May 25 15:04:44 pve-02 systemd[1]: Mounted sys-kernel-config.mount - Kernel Configuration File System.
May 25 15:04:44 pve-02 kernel: EXT4-fs (dm-1): re-mounted 6f864c02-7fc8-4782-8ec3-82dad9e170ea r/w. Quota mode: none.
May 25 15:04:44 pve-02 systemd[1]: Finished systemd-remount-fs.service - Remount Root and Kernel File Systems.
May 25 15:04:44 pve-02 systemd[1]: systemd-firstboot.service - First Boot Wizard was skipped because of an unmet condition check (ConditionFirstBoot=yes).
May 25 15:04:44 pve-02 systemd[1]: systemd-pstore.service - Platform Persistent Storage Archival was skipped because of an unmet condition check (ConditionDirectoryNotEmpty=/sys/fs/pstore).
May 25 15:04:44 pve-02 systemd[1]: Starting systemd-random-seed.service - Load/Save Random Seed...
May 25 15:04:44 pve-02 systemd[1]: Starting systemd-sysusers.service - Create System Users...
May 25 15:04:44 pve-02 systemd[1]: Finished systemd-random-seed.service - Load/Save Random Seed.
May 25 15:04:44 pve-02 systemd[1]: first-boot-complete.target - First Boot Complete was skipped because of an unmet condition check (ConditionFirstBoot=yes).
May 25 15:04:44 pve-02 systemd[1]: Finished systemd-sysusers.service - Create System Users.
May 25 15:04:44 pve-02 kernel: spl: loading out-of-tree module taints kernel.
May 25 15:04:44 pve-02 systemd[1]: Starting systemd-tmpfiles-setup-dev.service - Create Static Device Nodes in /dev...
May 25 15:04:44 pve-02 systemd[1]: Started systemd-journald.service - Journal Service.
May 25 15:04:45 pve-02 systemd-journald[339]: Received client request to flush runtime journal.
May 25 15:04:45 pve-02 kernel: zfs: module license 'CDDL' taints kernel.
May 25 15:04:45 pve-02 kernel: Disabling lock debugging due to kernel taint
May 25 15:04:45 pve-02 kernel: zfs: module license taints kernel.
May 25 15:04:45 pve-02 kernel: Adding 7987196k swap on /dev/mapper/pve-swap.  Priority:-2 extents:1 across:7987196k SS
May 25 15:04:45 pve-02 kernel: Creating 1 MTD partitions on "intel-spi":
May 25 15:04:45 pve-02 kernel: 0x000000000000-0x000000c00000 : "BIOS"
May 25 15:04:45 pve-02 kernel: mtd: partition "BIOS" extends beyond the end of device "intel-spi" -- size truncated to 0x800000
May 25 15:04:45 pve-02 kernel: at24 0-0050: supply vcc not found, using dummy regulator
May 25 15:04:45 pve-02 kernel: at24 0-0050: 256 byte spd EEPROM, read-only
May 25 15:04:45 pve-02 kernel: at24 0-0051: supply vcc not found, using dummy regulator
May 25 15:04:45 pve-02 kernel: at24 0-0051: 256 byte spd EEPROM, read-only
May 25 15:04:45 pve-02 kernel: at24 0-0052: supply vcc not found, using dummy regulator
May 25 15:04:45 pve-02 kernel: at24 0-0052: 256 byte spd EEPROM, read-only
May 25 15:04:45 pve-02 kernel: at24 0-0053: supply vcc not found, using dummy regulator
May 25 15:04:45 pve-02 kernel: at24 0-0053: 256 byte spd EEPROM, read-only
May 25 15:04:45 pve-02 kernel: input: PC Speaker as /devices/platform/pcspkr/input/input2
May 25 15:04:46 pve-02 kernel: RAPL PMU: API unit is 2^-32 Joules, 4 fixed counters, 655360 ms ovfl timer
May 25 15:04:46 pve-02 kernel: RAPL PMU: hw unit of domain pp0-core 2^-14 Joules
May 25 15:04:46 pve-02 kernel: RAPL PMU: hw unit of domain package 2^-14 Joules
May 25 15:04:46 pve-02 kernel: RAPL PMU: hw unit of domain dram 2^-14 Joules
May 25 15:04:46 pve-02 kernel: RAPL PMU: hw unit of domain pp1-gpu 2^-14 Joules
May 25 15:04:46 pve-02 kernel: cryptd: max_cpu_qlen set to 1000
May 25 15:04:46 pve-02 kernel: dcdbas dcdbas: Dell Systems Management Base Driver (version 5.6.0-3.4)
May 25 15:04:46 pve-02 kernel: snd_hda_intel 0000:00:03.0: enabling device (0000 -> 0002)
May 25 15:04:46 pve-02 kernel: ZFS: Loaded module v2.2.7-pve2, ZFS pool version 5000, ZFS filesystem version 5
May 25 15:04:46 pve-02 kernel: AVX2 version of gcm_enc/dec engaged.
May 25 15:04:46 pve-02 kernel: AES CTR mode by8 optimization enabled
May 25 15:04:46 pve-02 kernel: i915 0000:00:02.0: [drm] VT-d active for gfx access
May 25 15:04:46 pve-02 kernel: Console: switching to colour dummy device 80x25
May 25 15:04:46 pve-02 kernel: snd_hda_codec_realtek hdaudioC0D0: autoconfig for ALC3220: line_outs=1 (0x1b/0x0/0x0/0x0/0x0) type:line
May 25 15:04:46 pve-02 kernel: snd_hda_codec_realtek hdaudioC0D0:    speaker_outs=1 (0x14/0x0/0x0/0x0/0x0)
May 25 15:04:46 pve-02 kernel: snd_hda_codec_realtek hdaudioC0D0:    hp_outs=1 (0x15/0x0/0x0/0x0/0x0)
May 25 15:04:46 pve-02 kernel: snd_hda_codec_realtek hdaudioC0D0:    mono: mono_out=0x0
May 25 15:04:46 pve-02 kernel: snd_hda_codec_realtek hdaudioC0D0:    inputs:
May 25 15:04:46 pve-02 kernel: snd_hda_codec_realtek hdaudioC0D0:      Front Mic=0x1a
May 25 15:04:46 pve-02 kernel: snd_hda_codec_realtek hdaudioC0D0:      Rear Mic=0x18
May 25 15:04:46 pve-02 kernel: i915 0000:00:02.0: vgaarb: deactivate vga console
May 25 15:04:46 pve-02 kernel: i915 0000:00:02.0: [drm] Using Transparent Hugepages
May 25 15:04:46 pve-02 kernel: i915 0000:00:02.0: [drm] DMAR active, disabling use of stolen memory
May 25 15:04:46 pve-02 kernel: i915 0000:00:02.0: vgaarb: VGA decodes changed: olddecodes=io+mem,decodes=io+mem:owns=io+mem
May 25 15:04:46 pve-02 kernel: input: HDA Intel PCH Front Mic as /devices/pci0000:00/0000:00:1b.0/sound/card0/input3
May 25 15:04:46 pve-02 kernel: input: HDA Intel PCH Rear Mic as /devices/pci0000:00/0000:00:1b.0/sound/card0/input4
May 25 15:04:46 pve-02 kernel: input: HDA Intel PCH Line Out as /devices/pci0000:00/0000:00:1b.0/sound/card0/input5
May 25 15:04:46 pve-02 kernel: input: HDA Intel PCH Front Headphone as /devices/pci0000:00/0000:00:1b.0/sound/card0/input6
May 25 15:04:46 pve-02 kernel: [drm] Initialized i915 1.6.0 20230929 for 0000:00:02.0 on minor 1
May 25 15:04:46 pve-02 kernel: ACPI: video: Video Device [GFX0] (multi-head: yes  rom: no  post: no)
May 25 15:04:46 pve-02 kernel: input: Video Bus as /devices/LNXSYSTM:00/LNXSYBUS:00/PNP0A08:00/LNXVIDEO:00/input/input7
May 25 15:04:46 pve-02 kernel: i915 display info: display version: 7
May 25 15:04:46 pve-02 kernel: i915 display info: cursor_needs_physical: no
May 25 15:04:46 pve-02 kernel: i915 display info: has_cdclk_crawl: no
May 25 15:04:46 pve-02 kernel: i915 display info: has_cdclk_squash: no
May 25 15:04:46 pve-02 kernel: i915 display info: has_ddi: yes
May 25 15:04:46 pve-02 kernel: i915 display info: has_dp_mst: yes
May 25 15:04:46 pve-02 kernel: i915 display info: has_dsb: no
May 25 15:04:46 pve-02 kernel: i915 display info: has_fpga_dbg: yes
May 25 15:04:46 pve-02 kernel: i915 display info: has_gmch: no
May 25 15:04:46 pve-02 kernel: i915 display info: has_hotplug: yes
